
  CoreSystem.cpp
  FileHelper.cpp
  Json.cpp
  BBox.cpp
  Frustum.cpp
  Math.cpp
  Matrix.cpp
  Plane.cpp
  Quaternion.cpp
  Vector.cpp
  Allocator.cpp
  Memory.cpp
  MemoryPool.cpp
  DateTime.cpp
  DevelopUnit.cpp
  Guid.cpp
  Log.cpp
  Module.cpp
  SequentialIDGenerator.cpp
  Timer.cpp
  코드를 생성하고 있습니다...
  컴파일하고 있습니다...
  Timespan.cpp
  JGObject.cpp
  ObjectGlobalSystem.cpp
  ObjectGlobals.cpp
  JWindow.cpp
  Platform.cpp
  WindowsJWindow.cpp
  Name.cpp
  String.cpp
  StringTable.cpp
  Scheduler.cpp
  Task.cpp
  Thread.cpp
  코드를 생성하고 있습니다...
  Core.vcxproj -> C:\JG\JGEngine\Bin\DevelopEngine\Core.lib
  Main.cpp
  Main.cpp
  Main.cpp
  HeaderTool.cpp
  BuildTool.cpp
  Asset.cpp
  Main.cpp
  AssetDatabase.cpp
  Main.cpp
  코드를 생성하고 있습니다...
  코드를 생성하고 있습니다...
  AssetImporter.cpp
  AssetModule.cpp
  AssetPath.cpp
  Asset.codegen.generate.cpp
  Asset.generation.cpp
  AssetImporter.generation.cpp
  코드를 생성하고 있습니다...
  GameFrameWorks.vcxproj -> C:\JG\JGEngine\Bin\DevelopEngine\GameFrameWorks.lib
  JGBuildTool.vcxproj -> C:\JG\JGEngine\Bin\DevelopEngine\JGBuildTool.exe
  Main.cpp
  Game.codegen.generate.cpp
  코드를 생성하고 있습니다...
  JGLauncher.vcxproj -> C:\JG\JGEngine\Bin\DevelopEngine\JGLauncher.exe
  JGConsole.vcxproj -> C:\JG\JGEngine\Bin\DevelopEngine\JGConsole.exe
     ..\..\Bin\DevelopEngine\Asset.lib 라이브러리 및 ..\..\Bin\DevelopEngine\Asset.exp 개체를 생성하고 있습니다.
  JGHeaderTool.vcxproj -> C:\JG\JGEngine\Bin\DevelopEngine\JGHeaderTool.exe
  Game.vcxproj -> C:\JG\JGEngine\Bin\DevelopEngine\Game.dll
  Asset.vcxproj -> C:\JG\JGEngine\Bin\DevelopEngine\Asset.dll
  ShaderLibrary.cpp
  StaticMesh.cpp
  Texture.cpp
  CommandList.cpp
  CommandQueue.cpp
  DX12Shader.cpp
  DescriptionAllocator.cpp
  DirectX12Helper.cpp
  DynamicDescriptionAllocator.cpp
  Fence.cpp
  PipelineState.cpp
  ResourceStagingManager.cpp
  ResourceStateTracker.cpp
  RootSignature.cpp
  UploadAllocator.cpp
  DX12ConstantBuffer.cpp
  DX12FrameBuffer.cpp
  DX12GraphicsCommand.cpp
  DX12IndexBuffer.cpp
  DX12Material.cpp
  코드를 생성하고 있습니다...
  컴파일하고 있습니다...
  DX12StructuredBuffer.cpp
  DX12Texture.cpp
  DX12VertexBuffer.cpp
  DirectX12API.cpp
  FBXAssetImporter.cpp
  JGGraphics.cpp
  JGGraphicsAPI.cpp
  JGGraphicsCommand.cpp
  JGGraphicsHelper.cpp
  Main.cpp
  FBXAssetImporter.generation.cpp
  Graphics.codegen.generate.cpp
  JGGraphicsDefine.generation.cpp
  StaticMesh.generation.cpp
  Texture.generation.cpp
  코드를 생성하고 있습니다...
     ..\..\Bin\DevelopEngine\Graphics.lib 라이브러리 및 ..\..\Bin\DevelopEngine\Graphics.exp 개체를 생성하고 있습니다.
LINK : warning LNK4098: 'MSVCRT' defaultlib가 다른 라이브러리와 충돌합니다. /NODEFAULTLIB:library를 사용하십시오. [C:\JG\JGEngine\Temp\ProjectFiles\Graphics.vcxproj]
  Graphics.vcxproj -> C:\JG\JGEngine\Bin\DevelopEngine\Graphics.dll
  Main.cpp
  DX12GUIBackend.cpp
  AI.codegen.generate.cpp
  GUIBackend.cpp
  코드를 생성하고 있습니다...
  GUIBackends.cpp
  GUI.cpp
  AI.vcxproj -> C:\JG\JGEngine\Bin\DevelopEngine\AI.dll
  GUIModule.cpp
  MenuTree.cpp
  Widget.cpp
  WidgetComponent.cpp
  GUI.codegen.generate.cpp
  Widget.generation.cpp
  WidgetComponent.generation.cpp
  코드를 생성하고 있습니다...
     ..\..\Bin\DevelopEngine\GUI.lib 라이브러리 및 ..\..\Bin\DevelopEngine\GUI.exp 개체를 생성하고 있습니다.
  GUI.vcxproj -> C:\JG\JGEngine\Bin\DevelopEngine\GUI.dll
  DevConsole.cpp
  JGEditor.cpp
  DevStatistics.cpp
  DevFeature.cpp
  DevConsoleModule.cpp
  JGEditor.codegen.generate.cpp
  DevScene.cpp
  MemoryStatistics.cpp
C:\JG\JGEngine\Source\Editor\DevStatistics\MemoryStatistics.cpp(40,21): warning C4244: '초기화 중': 'unsigned __int64'에서 'float32'(으)로 변환하면서 데이터가 손실될 수 있습니다. [C:\JG\JGEngine\Temp\ProjectFiles\DevStatistics.vcxproj]
  (소스 파일 '/Source/Editor/DevStatistics/MemoryStatistics.cpp'을(를) 컴파일하는 중)
  
C:\JG\JGEngine\Source\Editor\DevStatistics\MemoryStatistics.cpp(59,81): warning C4244: '인수': 'uint64'에서 'double'(으)로 변환하면서 데이터가 손실될 수 있습니다. [C:\JG\JGEngine\Temp\ProjectFiles\DevStatistics.vcxproj]
  (소스 파일 '/Source/Editor/DevStatistics/MemoryStatistics.cpp'을(를) 컴파일하는 중)
  
C:\JG\JGEngine\Source\Editor\DevStatistics\MemoryStatistics.cpp(60,85): warning C4244: '인수': 'uint64'에서 'double'(으)로 변환하면서 데이터가 손실될 수 있습니다. [C:\JG\JGEngine\Temp\ProjectFiles\DevStatistics.vcxproj]
  (소스 파일 '/Source/Editor/DevStatistics/MemoryStatistics.cpp'을(를) 컴파일하는 중)
  
C:\JG\JGEngine\Source\Editor\DevStatistics\MemoryStatistics.cpp(61,85): warning C4244: '인수': 'uint64'에서 'double'(으)로 변환하면서 데이터가 손실될 수 있습니다. [C:\JG\JGEngine\Temp\ProjectFiles\DevStatistics.vcxproj]
  (소스 파일 '/Source/Editor/DevStatistics/MemoryStatistics.cpp'을(를) 컴파일하는 중)
  
  코드를 생성하고 있습니다...
  DevConsole.codegen.generate.cpp
  DevSettings.cpp
  DevStatistics.codegen.generate.cpp
  DevConsole.generation.cpp
  MemoryStatistics.generation.cpp
  DevkitModule.cpp
     ..\..\Bin\DevelopEngine\JGEditor.lib 라이브러리 및 ..\..\Bin\DevelopEngine\JGEditor.exp 개체를 생성하고 있습니다.
  코드를 생성하고 있습니다...
  DevFeature.generation.cpp
  코드를 생성하고 있습니다...
  DevScene.generation.cpp
  DevSettings.generation.cpp
     ..\..\Bin\DevelopEngine\DevConsole.lib 라이브러리 및 ..\..\Bin\DevelopEngine\DevConsole.exp 개체를 생성하고 있습니다.
  JGEditor.vcxproj -> C:\JG\JGEngine\Bin\DevelopEngine\JGEditor.dll
     ..\..\Bin\DevelopEngine\DevStatistics.lib 라이브러리 및 ..\..\Bin\DevelopEngine\DevStatistics.exp 개체를 생성하고 있습니다.
  Devkit.codegen.generate.cpp
  코드를 생성하고 있습니다...
  DevConsole.vcxproj -> C:\JG\JGEngine\Bin\DevelopEngine\DevConsole.dll
  DevStatistics.vcxproj -> C:\JG\JGEngine\Bin\DevelopEngine\DevStatistics.dll
     ..\..\Bin\DevelopEngine\Devkit.lib 라이브러리 및 ..\..\Bin\DevelopEngine\Devkit.exp 개체를 생성하고 있습니다.
  Devkit.vcxproj -> C:\JG\JGEngine\Bin\DevelopEngine\Devkit.dll
  JGDevGraphicsTest.cpp
  JGDev_Graphics.cpp
  JGDev_Graphics.codegen.generate.cpp
  코드를 생성하고 있습니다...
     ..\..\Bin\DevelopEngine\JGDev_Graphics.lib 라이브러리 및 ..\..\Bin\DevelopEngine\JGDev_Graphics.exp 개체를 생성하고 있습니다.
  JGDev_Graphics.vcxproj -> C:\JG\JGEngine\Bin\DevelopEngine\JGDev_Graphics.dll
msbuild exit=0

===== 1-4 검증: JG_MEMORY_TRACE=1 빌드 =====

  MemoryPool.cpp
  Core.vcxproj -> C:\JG\JGEngine\Bin\DevelopEngine\Core.lib
  GameFrameWorks.vcxproj -> C:\JG\JGEngine\Bin\DevelopEngine\GameFrameWorks.lib
  JGBuildTool.vcxproj -> C:\JG\JGEngine\Bin\DevelopEngine\JGBuildTool.exe
  JGLauncher.vcxproj -> C:\JG\JGEngine\Bin\DevelopEngine\JGLauncher.exe
  Asset.vcxproj -> C:\JG\JGEngine\Bin\DevelopEngine\Asset.dll
  JGHeaderTool.vcxproj -> C:\JG\JGEngine\Bin\DevelopEngine\JGHeaderTool.exe
  Game.vcxproj -> C:\JG\JGEngine\Bin\DevelopEngine\Game.dll
  JGConsole.vcxproj -> C:\JG\JGEngine\Bin\DevelopEngine\JGConsole.exe
  Graphics.vcxproj -> C:\JG\JGEngine\Bin\DevelopEngine\Graphics.dll
  AI.vcxproj -> C:\JG\JGEngine\Bin\DevelopEngine\AI.dll
  GUI.vcxproj -> C:\JG\JGEngine\Bin\DevelopEngine\GUI.dll
  JGEditor.vcxproj -> C:\JG\JGEngine\Bin\DevelopEngine\JGEditor.dll
  DevStatistics.vcxproj -> C:\JG\JGEngine\Bin\DevelopEngine\DevStatistics.dll
  Devkit.vcxproj -> C:\JG\JGEngine\Bin\DevelopEngine\Devkit.dll
  DevConsole.vcxproj -> C:\JG\JGEngine\Bin\DevelopEngine\DevConsole.dll
  JGDev_Graphics.vcxproj -> C:\JG\JGEngine\Bin\DevelopEngine\JGDev_Graphics.dll
msbuild exit=0

===== 1-4 검증 뒤 JG_MEMORY_TRACE=0 복귀 빌드 =====

  MemoryPool.cpp
  Core.vcxproj -> C:\JG\JGEngine\Bin\DevelopEngine\Core.lib
  GameFrameWorks.vcxproj -> C:\JG\JGEngine\Bin\DevelopEngine\GameFrameWorks.lib
  JGLauncher.vcxproj -> C:\JG\JGEngine\Bin\DevelopEngine\JGLauncher.exe
  JGBuildTool.vcxproj -> C:\JG\JGEngine\Bin\DevelopEngine\JGBuildTool.exe
  JGConsole.vcxproj -> C:\JG\JGEngine\Bin\DevelopEngine\JGConsole.exe
  JGHeaderTool.vcxproj -> C:\JG\JGEngine\Bin\DevelopEngine\JGHeaderTool.exe
  Asset.vcxproj -> C:\JG\JGEngine\Bin\DevelopEngine\Asset.dll
  Game.vcxproj -> C:\JG\JGEngine\Bin\DevelopEngine\Game.dll
  Graphics.vcxproj -> C:\JG\JGEngine\Bin\DevelopEngine\Graphics.dll
  AI.vcxproj -> C:\JG\JGEngine\Bin\DevelopEngine\AI.dll
  GUI.vcxproj -> C:\JG\JGEngine\Bin\DevelopEngine\GUI.dll
  JGEditor.vcxproj -> C:\JG\JGEngine\Bin\DevelopEngine\JGEditor.dll
  DevStatistics.vcxproj -> C:\JG\JGEngine\Bin\DevelopEngine\DevStatistics.dll
  Devkit.vcxproj -> C:\JG\JGEngine\Bin\DevelopEngine\Devkit.dll
  DevConsole.vcxproj -> C:\JG\JGEngine\Bin\DevelopEngine\DevConsole.dll
  JGDev_Graphics.vcxproj -> C:\JG\JGEngine\Bin\DevelopEngine\JGDev_Graphics.dll
msbuild exit=0
