
  PCH.cpp
  CoreSystem.cpp
  FileHelper.cpp
  Json.cpp
  BBox.cpp
  Frustum.cpp
  Math.cpp
  Matrix.cpp
  Plane.cpp
  Quaternion.cpp
  Vector.cpp
  Allocator.cpp
  Memory.cpp
  MemoryPool.cpp
  DateTime.cpp
  DevelopUnit.cpp
  Guid.cpp
  Log.cpp
  Module.cpp
  SequentialIDGenerator.cpp
  Timer.cpp
  코드를 생성하고 있습니다...
  컴파일하고 있습니다...
  Timespan.cpp
  JGObject.cpp
  ObjectGlobalSystem.cpp
  ObjectGlobals.cpp
  JWindow.cpp
  Platform.cpp
  WindowsJWindow.cpp
  Name.cpp
  Path.cpp
  String.cpp
  StringTable.cpp
  Scheduler.cpp
  Task.cpp
  Thread.cpp
  코드를 생성하고 있습니다...
  Core.vcxproj -> C:\Develop\JGEngine\Bin\DevelopEngine\Core.lib
  PCH.cpp
  PCH.cpp
  PCH.cpp
  PCH.cpp
  PCH.cpp
  PCH.cpp
  Main.cpp
  HeaderTool.cpp
  Main.cpp
  Main.cpp
  Asset.cpp
  BuildTool.cpp
  AssetDatabase.cpp
  GameFrameWorks.vcxproj -> C:\Develop\JGEngine\Bin\DevelopEngine\GameFrameWorks.lib
  Main.cpp
  Main.cpp
  PCH.cpp
  JGConsole.vcxproj -> C:\Develop\JGEngine\Bin\DevelopEngine\JGConsole.exe
  JGLauncher.vcxproj -> C:\Develop\JGEngine\Bin\DevelopEngine\JGLauncher.exe
  AssetImporter.cpp
  코드를 생성하고 있습니다...
  코드를 생성하고 있습니다...
  Main.cpp
  JGBuildTool.vcxproj -> C:\Develop\JGEngine\Bin\DevelopEngine\JGBuildTool.exe
  JGHeaderTool.vcxproj -> C:\Develop\JGEngine\Bin\DevelopEngine\JGHeaderTool.exe
  AssetModule.cpp
  Game.codegen.generate.cpp
  AssetPath.cpp
  코드를 생성하고 있습니다...
     ..\..\Bin\DevelopEngine\Game.lib 라이브러리 및 ..\..\Bin\DevelopEngine\Game.exp 개체를 생성하고 있습니다.
  Game.vcxproj -> C:\Develop\JGEngine\Bin\DevelopEngine\Game.dll
  Asset.codegen.generate.cpp
  Asset.generation.cpp
  AssetImporter.generation.cpp
  코드를 생성하고 있습니다...
     ..\..\Bin\DevelopEngine\Asset.lib 라이브러리 및 ..\..\Bin\DevelopEngine\Asset.exp 개체를 생성하고 있습니다.
  Asset.vcxproj -> C:\Develop\JGEngine\Bin\DevelopEngine\Asset.dll
  PCH.cpp
  ShaderLibrary.cpp
  StaticMesh.cpp
  Texture.cpp
  CommandList.cpp
  CommandQueue.cpp
  DX12Shader.cpp
  DescriptionAllocator.cpp
  DirectX12Helper.cpp
  DynamicDescriptionAllocator.cpp
  Fence.cpp
  PipelineState.cpp
  ResourceStateTracker.cpp
  RootSignature.cpp
  UploadAllocator.cpp
  DX12ConstantBuffer.cpp
  DX12FrameBuffer.cpp
  DX12GraphicsCommand.cpp
C:\Develop\JGEngine\Source\Runtime\Graphics\DirectX12\DX12GraphicsCommand.cpp(1,1): warning C4819: 현재 코드 페이지(949)에서 표시할 수 없는 문자가 파일에 들어 있습니다. 데이터가 손실되지 않게 하려면 해당 파일을 유니코드 형식으로 저장하십시오. [C:\Develop\JGEngine\Temp\ProjectFiles\Graphics.vcxproj]
C:\Develop\JGEngine\Source\Runtime\Graphics\DirectX12\DX12GraphicsCommand.h(1,1): warning C4819: 현재 코드 페이지(949)에서 표시할 수 없는 문자가 파일에 들어 있습니다. 데이터가 손실되지 않게 하려면 해당 파일을 유니코드 형식으로 저장하십시오. [C:\Develop\JGEngine\Temp\ProjectFiles\Graphics.vcxproj]
  (소스 파일 '/Source/Runtime/Graphics/DirectX12/DX12GraphicsCommand.cpp'을(를) 컴파일하는 중)
  
C:\Develop\JGEngine\Source\Runtime\Graphics\DirectX12\DX12GraphicsCommand.cpp(74,4): error C2678: 이항 '!=': 왼쪽 피연산자로 'int' 형식을 사용하는 연산자가 없거나 허용되는 변환이 없습니다. [C:\Develop\JGEngine\Temp\ProjectFiles\Graphics.vcxproj]
  (소스 파일 '/Source/Runtime/Graphics/DirectX12/DX12GraphicsCommand.cpp'을(를) 컴파일하는 중)
      C:\Develop\JGEngine\Source\Runtime\Graphics\DirectX12\Utill\d3dx12.h(1876,13):
      'bool operator !=(const D3D12_RESOURCE_DESC &,const D3D12_RESOURCE_DESC &)'일 수 있습니다.
      C:\Develop\JGEngine\Source\Runtime\Graphics\DirectX12\Utill\d3dx12.h(559,13):
      또는       'bool operator !=(const D3D12_HEAP_DESC &,const D3D12_HEAP_DESC &)'
      C:\Develop\JGEngine\Source\Runtime\Graphics\DirectX12\Utill\d3dx12.h(472,13):
      또는       'bool operator !=(const D3D12_HEAP_PROPERTIES &,const D3D12_HEAP_PROPERTIES &)'
      C:\Develop\JGEngine\Source\Runtime\Graphics\DirectX12\Utill\d3dx12.h(176,13):
      또는       'bool operator !=(const D3D12_BOX &,const D3D12_BOX &)'
      C:\Develop\JGEngine\Source\Runtime\Graphics\DirectX12\Utill\d3dx12.h(30,13):
      또는       'bool operator !=(const D3D12_VIEWPORT &,const D3D12_VIEWPORT &)'
      C:\Program Files (x86)\Windows Kits\10\Include\10.0.26100.0\shared\guiddef.h(197,15):
      또는       'bool operator !=(const GUID &,const GUID &)'
      C:\Program Files (x86)\Windows Kits\10\Include\10.0.26100.0\shared\guiddef.h(192,15):
      또는 'bool operator ==(const GUID &,const GUID &)' [다시 작성된 식 '!(x == y)']
      C:\Develop\JGEngine\Source\Runtime\Graphics\DirectX12\Utill\d3dx12.h(23,13):
      또는 'bool operator ==(const D3D12_VIEWPORT &,const D3D12_VIEWPORT &)' [다시 작성된 식 '!(x == y)']
      C:\Develop\JGEngine\Source\Runtime\Graphics\DirectX12\Utill\d3dx12.h(171,13):
      또는 'bool operator ==(const D3D12_BOX &,const D3D12_BOX &)' [다시 작성된 식 '!(x == y)']
      C:\Develop\JGEngine\Source\Runtime\Graphics\DirectX12\Utill\d3dx12.h(465,13):
      또는 'bool operator ==(const D3D12_HEAP_PROPERTIES &,const D3D12_HEAP_PROPERTIES &)' [다시 작성된 식 '!(x == y)']
      C:\Develop\JGEngine\Source\Runtime\Graphics\DirectX12\Utill\d3dx12.h(552,13):
      또는 'bool operator ==(const D3D12_HEAP_DESC &,const D3D12_HEAP_DESC &)' [다시 작성된 식 '!(x == y)']
      C:\Develop\JGEngine\Source\Runtime\Graphics\DirectX12\Utill\d3dx12.h(1862,13):
      또는 'bool operator ==(const D3D12_RESOURCE_DESC &,const D3D12_RESOURCE_DESC &)' [다시 작성된 식 '!(x == y)']
      C:\Program Files (x86)\Windows Kits\10\Include\10.0.26100.0\shared\guiddef.h(192,15):
      또는 'bool operator ==(const GUID &,const GUID &)' [합성된 식 '!(x == y)']
      C:\Develop\JGEngine\Source\Runtime\Graphics\DirectX12\Utill\d3dx12.h(23,13):
      또는 'bool operator ==(const D3D12_VIEWPORT &,const D3D12_VIEWPORT &)' [합성된 식 '!(x == y)']
      C:\Develop\JGEngine\Source\Runtime\Graphics\DirectX12\Utill\d3dx12.h(171,13):
      또는 'bool operator ==(const D3D12_BOX &,const D3D12_BOX &)' [합성된 식 '!(x == y)']
      C:\Develop\JGEngine\Source\Runtime\Graphics\DirectX12\Utill\d3dx12.h(465,13):
      또는 'bool operator ==(const D3D12_HEAP_PROPERTIES &,const D3D12_HEAP_PROPERTIES &)' [합성된 식 '!(x == y)']
      C:\Develop\JGEngine\Source\Runtime\Graphics\DirectX12\Utill\d3dx12.h(552,13):
      또는 'bool operator ==(const D3D12_HEAP_DESC &,const D3D12_HEAP_DESC &)' [합성된 식 '!(x == y)']
      C:\Develop\JGEngine\Source\Runtime\Graphics\DirectX12\Utill\d3dx12.h(1862,13):
      또는 'bool operator ==(const D3D12_RESOURCE_DESC &,const D3D12_RESOURCE_DESC &)' [합성된 식 '!(x == y)']
      C:\Program Files (x86)\Windows Kits\10\Include\10.0.26100.0\winrt\wrl\client.h(897,6):
      또는       'bool Microsoft::WRL::operator !=(void *,const Microsoft::WRL::Details::ComPtrRef<Microsoft::WRL::ComPtr<T>> &) noexcept'
          C:\Develop\JGEngine\Source\Runtime\Graphics\DirectX12\DX12GraphicsCommand.cpp(74,4):
          'bool Microsoft::WRL::operator !=(void *,const Microsoft::WRL::Details::ComPtrRef<Microsoft::WRL::ComPtr<T>> &) noexcept': 'int'에서 'const Microsoft::WRL::Details::ComPtrRef<Microsoft::WRL::ComPtr<T>> &'에 대한 템플릿 인수를 추론할 수 없습니다.
      C:\Program Files (x86)\Windows Kits\10\Include\10.0.26100.0\winrt\wrl\client.h(891,6):
      또는       'bool Microsoft::WRL::operator !=(const Microsoft::WRL::Details::ComPtrRef<Microsoft::WRL::ComPtr<T>> &,void *) noexcept'
          C:\Develop\JGEngine\Source\Runtime\Graphics\DirectX12\DX12GraphicsCommand.cpp(74,4):
          'bool Microsoft::WRL::operator !=(const Microsoft::WRL::Details::ComPtrRef<Microsoft::WRL::ComPtr<T>> &,void *) noexcept': 'D3D12_CPU_DESCRIPTOR_HANDLE'에서 'const Microsoft::WRL::Details::ComPtrRef<Microsoft::WRL::ComPtr<T>> &'에 대한 템플릿 인수를 추론할 수 없습니다.
      C:\Program Files (x86)\Windows Kits\10\Include\10.0.26100.0\winrt\wrl\client.h(885,6):
      또는       'bool Microsoft::WRL::operator !=(nullptr,const Microsoft::WRL::Details::ComPtrRef<Microsoft::WRL::ComPtr<T>> &) noexcept'
          C:\Develop\JGEngine\Source\Runtime\Graphics\DirectX12\DX12GraphicsCommand.cpp(74,4):
          'bool Microsoft::WRL::operator !=(nullptr,const Microsoft::WRL::Details::ComPtrRef<Microsoft::WRL::ComPtr<T>> &) noexcept': 'int'에서 'const Microsoft::WRL::Details::ComPtrRef<Microsoft::WRL::ComPtr<T>> &'에 대한 템플릿 인수를 추론할 수 없습니다.
      C:\Program Files (x86)\Windows Kits\10\Include\10.0.26100.0\winrt\wrl\client.h(879,6):
      또는       'bool Microsoft::WRL::operator !=(const Microsoft::WRL::Details::ComPtrRef<Microsoft::WRL::ComPtr<T>> &,nullptr) noexcept'
          C:\Develop\JGEngine\Source\Runtime\Graphics\DirectX12\DX12GraphicsCommand.cpp(74,4):
          'bool Microsoft::WRL::operator !=(const Microsoft::WRL::Details::ComPtrRef<Microsoft::WRL::ComPtr<T>> &,nullptr) noexcept': 'D3D12_CPU_DESCRIPTOR_HANDLE'에서 'const Microsoft::WRL::Details::ComPtrRef<Microsoft::WRL::ComPtr<T>> &'에 대한 템플릿 인수를 추론할 수 없습니다.
      C:\Program Files (x86)\Windows Kits\10\Include\10.0.26100.0\winrt\wrl\client.h(872,6):
      또는       'bool Microsoft::WRL::operator !=(const Microsoft::WRL::Details::ComPtrRef<Microsoft::WRL::ComPtr<T>> &,const Microsoft::WRL::Details::ComPtrRef<Microsoft::WRL::ComPtr<U>> &) noexcept'
          C:\Develop\JGEngine\Source\Runtime\Graphics\DirectX12\DX12GraphicsCommand.cpp(74,4):
          'bool Microsoft::WRL::operator !=(const Microsoft::WRL::Details::ComPtrRef<Microsoft::WRL::ComPtr<T>> &,const Microsoft::WRL::Details::ComPtrRef<Microsoft::WRL::ComPtr<U>> &) noexcept': 'D3D12_CPU_DESCRIPTOR_HANDLE'에서 'const Microsoft::WRL::Details::ComPtrRef<Microsoft::WRL::ComPtr<T>> &'에 대한 템플릿 인수를 추론할 수 없습니다.
      C:\Program Files (x86)\Windows Kits\10\Include\10.0.26100.0\winrt\wrl\client.h(827,6):
      또는       'bool Microsoft::WRL::operator !=(nullptr,const Microsoft::WRL::ComPtr<T> &) noexcept'
          C:\Develop\JGEngine\Source\Runtime\Graphics\DirectX12\DX12GraphicsCommand.cpp(74,4):
          'bool Microsoft::WRL::operator !=(nullptr,const Microsoft::WRL::ComPtr<T> &) noexcept': 'int'에서 'const Microsoft::WRL::ComPtr<T> &'에 대한 템플릿 인수를 추론할 수 없습니다.
      C:\Program Files (x86)\Windows Kits\10\Include\10.0.26100.0\winrt\wrl\client.h(821,6):
      또는       'bool Microsoft::WRL::operator !=(const Microsoft::WRL::ComPtr<T> &,nullptr) noexcept'
          C:\Develop\JGEngine\Source\Runtime\Graphics\DirectX12\DX12GraphicsCommand.cpp(74,4):
          'bool Microsoft::WRL::operator !=(const Microsoft::WRL::ComPtr<T> &,nullptr) noexcept': 'D3D12_CPU_DESCRIPTOR_HANDLE'에서 'const Microsoft::WRL::ComPtr<T> &'에 대한 템플릿 인수를 추론할 수 없습니다.
      C:\Program Files (x86)\Windows Kits\10\Include\10.0.26100.0\winrt\wrl\client.h(814,6):
      또는       'bool Microsoft::WRL::operator !=(const Microsoft::WRL::ComPtr<T> &,const Microsoft::WRL::ComPtr<U> &) noexcept'
          C:\Develop\JGEngine\Source\Runtime\Graphics\DirectX12\DX12GraphicsCommand.cpp(74,4):
          'bool Microsoft::WRL::operator !=(const Microsoft::WRL::ComPtr<T> &,const Microsoft::WRL::ComPtr<U> &) noexcept': 'D3D12_CPU_DESCRIPTOR_HANDLE'에서 'const Microsoft::WRL::ComPtr<T> &'에 대한 템플릿 인수를 추론할 수 없습니다.
      C:\Program Files (x86)\Windows Kits\10\Include\10.0.26100.0\winrt\wrl\client.h(795,6):
      또는 'bool Microsoft::WRL::operator ==(const Microsoft::WRL::ComPtr<T> &,const Microsoft::WRL::ComPtr<U> &) noexcept' [다시 작성된 식 '!(x == y)']
          C:\Develop\JGEngine\Source\Runtime\Graphics\DirectX12\DX12GraphicsCommand.cpp(74,4):
          'bool Microsoft::WRL::operator ==(const Microsoft::WRL::ComPtr<T> &,const Microsoft::WRL::ComPtr<U> &) noexcept': 'D3D12_CPU_DESCRIPTOR_HANDLE'에서 'const Microsoft::WRL::ComPtr<T> &'에 대한 템플릿 인수를 추론할 수 없습니다.
      C:\Program Files (x86)\Windows Kits\10\Include\10.0.26100.0\winrt\wrl\client.h(802,6):
      또는 'bool Microsoft::WRL::operator ==(const Microsoft::WRL::ComPtr<T> &,nullptr) noexcept' [다시 작성된 식 '!(x == y)']
          C:\Develop\JGEngine\Source\Runtime\Graphics\DirectX12\DX12GraphicsCommand.cpp(74,4):
          'bool Microsoft::WRL::operator ==(const Microsoft::WRL::ComPtr<T> &,nullptr) noexcept': 'D3D12_CPU_DESCRIPTOR_HANDLE'에서 'const Microsoft::WRL::ComPtr<T> &'에 대한 템플릿 인수를 추론할 수 없습니다.
      C:\Program Files (x86)\Windows Kits\10\Include\10.0.26100.0\winrt\wrl\client.h(808,6):
      또는 'bool Microsoft::WRL::operator ==(nullptr,const Microsoft::WRL::ComPtr<T> &) noexcept' [다시 작성된 식 '!(x == y)']
          C:\Develop\JGEngine\Source\Runtime\Graphics\DirectX12\DX12GraphicsCommand.cpp(74,4):
          'bool Microsoft::WRL::operator ==(nullptr,const Microsoft::WRL::ComPtr<T> &) noexcept': 'int'에서 'const Microsoft::WRL::ComPtr<T> &'에 대한 템플릿 인수를 추론할 수 없습니다.
      C:\Program Files (x86)\Windows Kits\10\Include\10.0.26100.0\winrt\wrl\client.h(841,6):
      또는 'bool Microsoft::WRL::operator ==(const Microsoft::WRL::Details::ComPtrRef<Microsoft::WRL::ComPtr<T>> &,const Microsoft::WRL::Details::ComPtrRef<Microsoft::WRL::ComPtr<U>> &) noexcept' [다시 작성된 식 '!(x == y)']
          C:\Develop\JGEngine\Source\Runtime\Graphics\DirectX12\DX12GraphicsCommand.cpp(74,4):
          'bool Microsoft::WRL::operator ==(const Microsoft::WRL::Details::ComPtrRef<Microsoft::WRL::ComPtr<T>> &,const Microsoft::WRL::Details::ComPtrRef<Microsoft::WRL::ComPtr<U>> &) noexcept': 'D3D12_CPU_DESCRIPTOR_HANDLE'에서 'const Microsoft::WRL::Details::ComPtrRef<Microsoft::WRL::ComPtr<T>> &'에 대한 템플릿 인수를 추론할 수 없습니다.
      C:\Program Files (x86)\Windows Kits\10\Include\10.0.26100.0\winrt\wrl\client.h(848,6):
      또는 'bool Microsoft::WRL::operator ==(const Microsoft::WRL::Details::ComPtrRef<Microsoft::WRL::ComPtr<T>> &,nullptr) noexcept' [다시 작성된 식 '!(x == y)']
          C:\Develop\JGEngine\Source\Runtime\Graphics\DirectX12\DX12GraphicsCommand.cpp(74,4):
          'bool Microsoft::WRL::operator ==(const Microsoft::WRL::Details::ComPtrRef<Microsoft::WRL::ComPtr<T>> &,nullptr) noexcept': 'D3D12_CPU_DESCRIPTOR_HANDLE'에서 'const Microsoft::WRL::Details::ComPtrRef<Microsoft::WRL::ComPtr<T>> &'에 대한 템플릿 인수를 추론할 수 없습니다.
      C:\Program Files (x86)\Windows Kits\10\Include\10.0.26100.0\winrt\wrl\client.h(854,6):
      또는 'bool Microsoft::WRL::operator ==(nullptr,const Microsoft::WRL::Details::ComPtrRef<Microsoft::WRL::ComPtr<T>> &) noexcept' [다시 작성된 식 '!(x == y)']
          C:\Develop\JGEngine\Source\Runtime\Graphics\DirectX12\DX12GraphicsCommand.cpp(74,4):
          'bool Microsoft::WRL::operator ==(nullptr,const Microsoft::WRL::Details::ComPtrRef<Microsoft::WRL::ComPtr<T>> &) noexcept': 'int'에서 'const Microsoft::WRL::Details::ComPtrRef<Microsoft::WRL::ComPtr<T>> &'에 대한 템플릿 인수를 추론할 수 없습니다.
      C:\Program Files (x86)\Windows Kits\10\Include\10.0.26100.0\winrt\wrl\client.h(860,6):
      또는 'bool Microsoft::WRL::operator ==(const Microsoft::WRL::Details::ComPtrRef<Microsoft::WRL::ComPtr<T>> &,void *) noexcept' [다시 작성된 식 '!(x == y)']
          C:\Develop\JGEngine\Source\Runtime\Graphics\DirectX12\DX12GraphicsCommand.cpp(74,4):
          'bool Microsoft::WRL::operator ==(const Microsoft::WRL::Details::ComPtrRef<Microsoft::WRL::ComPtr<T>> &,void *) noexcept': 'D3D12_CPU_DESCRIPTOR_HANDLE'에서 'const Microsoft::WRL::Details::ComPtrRef<Microsoft::WRL::ComPtr<T>> &'에 대한 템플릿 인수를 추론할 수 없습니다.
      C:\Program Files (x86)\Windows Kits\10\Include\10.0.26100.0\winrt\wrl\client.h(866,6):
      또는 'bool Microsoft::WRL::operator ==(void *,const Microsoft::WRL::Details::ComPtrRef<Microsoft::WRL::ComPtr<T>> &) noexcept' [다시 작성된 식 '!(x == y)']
          C:\Develop\JGEngine\Source\Runtime\Graphics\DirectX12\DX12GraphicsCommand.cpp(74,4):
          'bool Microsoft::WRL::operator ==(void *,const Microsoft::WRL::Details::ComPtrRef<Microsoft::WRL::ComPtr<T>> &) noexcept': 'int'에서 'const Microsoft::WRL::Details::ComPtrRef<Microsoft::WRL::ComPtr<T>> &'에 대한 템플릿 인수를 추론할 수 없습니다.
      C:\Program Files (x86)\Windows Kits\10\Include\10.0.26100.0\winrt\wrl\client.h(795,6):
      또는 'bool Microsoft::WRL::operator ==(const Microsoft::WRL::ComPtr<T> &,const Microsoft::WRL::ComPtr<U> &) noexcept' [합성된 식 '!(x == y)']
          C:\Develop\JGEngine\Source\Runtime\Graphics\DirectX12\DX12GraphicsCommand.cpp(74,4):
          'bool Microsoft::WRL::operator ==(const Microsoft::WRL::ComPtr<T> &,const Microsoft::WRL::ComPtr<U> &) noexcept': 'int'에서 'const Microsoft::WRL::ComPtr<T> &'에 대한 템플릿 인수를 추론할 수 없습니다.
      C:\Program Files (x86)\Windows Kits\10\Include\10.0.26100.0\winrt\wrl\client.h(802,6):
      또는 'bool Microsoft::WRL::operator ==(const Microsoft::WRL::ComPtr<T> &,nullptr) noexcept' [합성된 식 '!(x == y)']
          C:\Develop\JGEngine\Source\Runtime\Graphics\DirectX12\DX12GraphicsCommand.cpp(74,4):
          'bool Microsoft::WRL::operator ==(const Microsoft::WRL::ComPtr<T> &,nullptr) noexcept': 'int'에서 'const Microsoft::WRL::ComPtr<T> &'에 대한 템플릿 인수를 추론할 수 없습니다.
      C:\Program Files (x86)\Windows Kits\10\Include\10.0.26100.0\winrt\wrl\client.h(808,6):
      또는 'bool Microsoft::WRL::operator ==(nullptr,const Microsoft::WRL::ComPtr<T> &) noexcept' [합성된 식 '!(x == y)']
          C:\Develop\JGEngine\Source\Runtime\Graphics\DirectX12\DX12GraphicsCommand.cpp(74,4):
          'bool Microsoft::WRL::operator ==(nullptr,const Microsoft::WRL::ComPtr<T> &) noexcept': 'D3D12_CPU_DESCRIPTOR_HANDLE'에서 'const Microsoft::WRL::ComPtr<T> &'에 대한 템플릿 인수를 추론할 수 없습니다.
      C:\Program Files (x86)\Windows Kits\10\Include\10.0.26100.0\winrt\wrl\client.h(841,6):
      또는 'bool Microsoft::WRL::operator ==(const Microsoft::WRL::Details::ComPtrRef<Microsoft::WRL::ComPtr<T>> &,const Microsoft::WRL::Details::ComPtrRef<Microsoft::WRL::ComPtr<U>> &) noexcept' [합성된 식 '!(x == y)']
          C:\Develop\JGEngine\Source\Runtime\Graphics\DirectX12\DX12GraphicsCommand.cpp(74,4):
          'bool Microsoft::WRL::operator ==(const Microsoft::WRL::Details::ComPtrRef<Microsoft::WRL::ComPtr<T>> &,const Microsoft::WRL::Details::ComPtrRef<Microsoft::WRL::ComPtr<U>> &) noexcept': 'int'에서 'const Microsoft::WRL::Details::ComPtrRef<Microsoft::WRL::ComPtr<T>> &'에 대한 템플릿 인수를 추론할 수 없습니다.
      C:\Program Files (x86)\Windows Kits\10\Include\10.0.26100.0\winrt\wrl\client.h(848,6):
      또는 'bool Microsoft::WRL::operator ==(const Microsoft::WRL::Details::ComPtrRef<Microsoft::WRL::ComPtr<T>> &,nullptr) noexcept' [합성된 식 '!(x == y)']
          C:\Develop\JGEngine\Source\Runtime\Graphics\DirectX12\DX12GraphicsCommand.cpp(74,4):
          'bool Microsoft::WRL::operator ==(const Microsoft::WRL::Details::ComPtrRef<Microsoft::WRL::ComPtr<T>> &,nullptr) noexcept': 'int'에서 'const Microsoft::WRL::Details::ComPtrRef<Microsoft::WRL::ComPtr<T>> &'에 대한 템플릿 인수를 추론할 수 없습니다.
      C:\Program Files (x86)\Windows Kits\10\Include\10.0.26100.0\winrt\wrl\client.h(854,6):
      또는 'bool Microsoft::WRL::operator ==(nullptr,const Microsoft::WRL::Details::ComPtrRef<Microsoft::WRL::ComPtr<T>> &) noexcept' [합성된 식 '!(x == y)']
          C:\Develop\JGEngine\Source\Runtime\Graphics\DirectX12\DX12GraphicsCommand.cpp(74,4):
          'bool Microsoft::WRL::operator ==(nullptr,const Microsoft::WRL::Details::ComPtrRef<Microsoft::WRL::ComPtr<T>> &) noexcept': 'D3D12_CPU_DESCRIPTOR_HANDLE'에서 'const Microsoft::WRL::Details::ComPtrRef<Microsoft::WRL::ComPtr<T>> &'에 대한 템플릿 인수를 추론할 수 없습니다.
      C:\Program Files (x86)\Windows Kits\10\Include\10.0.26100.0\winrt\wrl\client.h(860,6):
      또는 'bool Microsoft::WRL::operator ==(const Microsoft::WRL::Details::ComPtrRef<Microsoft::WRL::ComPtr<T>> &,void *) noexcept' [합성된 식 '!(x == y)']
          C:\Develop\JGEngine\Source\Runtime\Graphics\DirectX12\DX12GraphicsCommand.cpp(74,4):
          'bool Microsoft::WRL::operator ==(const Microsoft::WRL::Details::ComPtrRef<Microsoft::WRL::ComPtr<T>> &,void *) noexcept': 'int'에서 'const Microsoft::WRL::Details::ComPtrRef<Microsoft::WRL::ComPtr<T>> &'에 대한 템플릿 인수를 추론할 수 없습니다.
      C:\Program Files (x86)\Windows Kits\10\Include\10.0.26100.0\winrt\wrl\client.h(866,6):
      또는 'bool Microsoft::WRL::operator ==(void *,const Microsoft::WRL::Details::ComPtrRef<Microsoft::WRL::ComPtr<T>> &) noexcept' [합성된 식 '!(x == y)']
          C:\Develop\JGEngine\Source\Runtime\Graphics\DirectX12\DX12GraphicsCommand.cpp(74,4):
          'bool Microsoft::WRL::operator ==(void *,const Microsoft::WRL::Details::ComPtrRef<Microsoft::WRL::ComPtr<T>> &) noexcept': 'D3D12_CPU_DESCRIPTOR_HANDLE'에서 'const Microsoft::WRL::Details::ComPtrRef<Microsoft::WRL::ComPtr<T>> &'에 대한 템플릿 인수를 추론할 수 없습니다.
      C:\Develop\JGEngine\Source\Runtime\Graphics\DirectX12\DX12GraphicsCommand.cpp(74,4):
      인수 목록 '(D3D12_CPU_DESCRIPTOR_HANDLE, int)'을(를) 일치시키는 동안
  
C:\Develop\JGEngine\Source\Runtime\Graphics\DirectX12\DX12GraphicsCommand.cpp(91,3): error C2678: 이항 '!=': 왼쪽 피연산자로 'int' 형식을 사용하는 연산자가 없거나 허용되는 변환이 없습니다. [C:\Develop\JGEngine\Temp\ProjectFiles\Graphics.vcxproj]
  (소스 파일 '/Source/Runtime/Graphics/DirectX12/DX12GraphicsCommand.cpp'을(를) 컴파일하는 중)
      C:\Develop\JGEngine\Source\Runtime\Graphics\DirectX12\Utill\d3dx12.h(1876,13):
      'bool operator !=(const D3D12_RESOURCE_DESC &,const D3D12_RESOURCE_DESC &)'일 수 있습니다.
      C:\Develop\JGEngine\Source\Runtime\Graphics\DirectX12\Utill\d3dx12.h(559,13):
      또는       'bool operator !=(const D3D12_HEAP_DESC &,const D3D12_HEAP_DESC &)'
      C:\Develop\JGEngine\Source\Runtime\Graphics\DirectX12\Utill\d3dx12.h(472,13):
      또는       'bool operator !=(const D3D12_HEAP_PROPERTIES &,const D3D12_HEAP_PROPERTIES &)'
      C:\Develop\JGEngine\Source\Runtime\Graphics\DirectX12\Utill\d3dx12.h(176,13):
      또는       'bool operator !=(const D3D12_BOX &,const D3D12_BOX &)'
      C:\Develop\JGEngine\Source\Runtime\Graphics\DirectX12\Utill\d3dx12.h(30,13):
      또는       'bool operator !=(const D3D12_VIEWPORT &,const D3D12_VIEWPORT &)'
      C:\Program Files (x86)\Windows Kits\10\Include\10.0.26100.0\shared\guiddef.h(197,15):
      또는       'bool operator !=(const GUID &,const GUID &)'
      C:\Program Files (x86)\Windows Kits\10\Include\10.0.26100.0\shared\guiddef.h(192,15):
      또는 'bool operator ==(const GUID &,const GUID &)' [다시 작성된 식 '!(x == y)']
      C:\Develop\JGEngine\Source\Runtime\Graphics\DirectX12\Utill\d3dx12.h(23,13):
      또는 'bool operator ==(const D3D12_VIEWPORT &,const D3D12_VIEWPORT &)' [다시 작성된 식 '!(x == y)']
      C:\Develop\JGEngine\Source\Runtime\Graphics\DirectX12\Utill\d3dx12.h(171,13):
      또는 'bool operator ==(const D3D12_BOX &,const D3D12_BOX &)' [다시 작성된 식 '!(x == y)']
      C:\Develop\JGEngine\Source\Runtime\Graphics\DirectX12\Utill\d3dx12.h(465,13):
      또는 'bool operator ==(const D3D12_HEAP_PROPERTIES &,const D3D12_HEAP_PROPERTIES &)' [다시 작성된 식 '!(x == y)']
      C:\Develop\JGEngine\Source\Runtime\Graphics\DirectX12\Utill\d3dx12.h(552,13):
      또는 'bool operator ==(const D3D12_HEAP_DESC &,const D3D12_HEAP_DESC &)' [다시 작성된 식 '!(x == y)']
      C:\Develop\JGEngine\Source\Runtime\Graphics\DirectX12\Utill\d3dx12.h(1862,13):
      또는 'bool operator ==(const D3D12_RESOURCE_DESC &,const D3D12_RESOURCE_DESC &)' [다시 작성된 식 '!(x == y)']
      C:\Program Files (x86)\Windows Kits\10\Include\10.0.26100.0\shared\guiddef.h(192,15):
      또는 'bool operator ==(const GUID &,const GUID &)' [합성된 식 '!(x == y)']
      C:\Develop\JGEngine\Source\Runtime\Graphics\DirectX12\Utill\d3dx12.h(23,13):
      또는 'bool operator ==(const D3D12_VIEWPORT &,const D3D12_VIEWPORT &)' [합성된 식 '!(x == y)']
      C:\Develop\JGEngine\Source\Runtime\Graphics\DirectX12\Utill\d3dx12.h(171,13):
      또는 'bool operator ==(const D3D12_BOX &,const D3D12_BOX &)' [합성된 식 '!(x == y)']
      C:\Develop\JGEngine\Source\Runtime\Graphics\DirectX12\Utill\d3dx12.h(465,13):
      또는 'bool operator ==(const D3D12_HEAP_PROPERTIES &,const D3D12_HEAP_PROPERTIES &)' [합성된 식 '!(x == y)']
      C:\Develop\JGEngine\Source\Runtime\Graphics\DirectX12\Utill\d3dx12.h(552,13):
      또는 'bool operator ==(const D3D12_HEAP_DESC &,const D3D12_HEAP_DESC &)' [합성된 식 '!(x == y)']
      C:\Develop\JGEngine\Source\Runtime\Graphics\DirectX12\Utill\d3dx12.h(1862,13):
      또는 'bool operator ==(const D3D12_RESOURCE_DESC &,const D3D12_RESOURCE_DESC &)' [합성된 식 '!(x == y)']
      C:\Program Files (x86)\Windows Kits\10\Include\10.0.26100.0\winrt\wrl\client.h(897,6):
      또는       'bool Microsoft::WRL::operator !=(void *,const Microsoft::WRL::Details::ComPtrRef<Microsoft::WRL::ComPtr<T>> &) noexcept'
          C:\Develop\JGEngine\Source\Runtime\Graphics\DirectX12\DX12GraphicsCommand.cpp(91,3):
          'bool Microsoft::WRL::operator !=(void *,const Microsoft::WRL::Details::ComPtrRef<Microsoft::WRL::ComPtr<T>> &) noexcept': 'int'에서 'const Microsoft::WRL::Details::ComPtrRef<Microsoft::WRL::ComPtr<T>> &'에 대한 템플릿 인수를 추론할 수 없습니다.
      C:\Program Files (x86)\Windows Kits\10\Include\10.0.26100.0\winrt\wrl\client.h(891,6):
      또는       'bool Microsoft::WRL::operator !=(const Microsoft::WRL::Details::ComPtrRef<Microsoft::WRL::ComPtr<T>> &,void *) noexcept'
          C:\Develop\JGEngine\Source\Runtime\Graphics\DirectX12\DX12GraphicsCommand.cpp(91,3):
          'bool Microsoft::WRL::operator !=(const Microsoft::WRL::Details::ComPtrRef<Microsoft::WRL::ComPtr<T>> &,void *) noexcept': 'D3D12_CPU_DESCRIPTOR_HANDLE'에서 'const Microsoft::WRL::Details::ComPtrRef<Microsoft::WRL::ComPtr<T>> &'에 대한 템플릿 인수를 추론할 수 없습니다.
      C:\Program Files (x86)\Windows Kits\10\Include\10.0.26100.0\winrt\wrl\client.h(885,6):
      또는       'bool Microsoft::WRL::operator !=(nullptr,const Microsoft::WRL::Details::ComPtrRef<Microsoft::WRL::ComPtr<T>> &) noexcept'
          C:\Develop\JGEngine\Source\Runtime\Graphics\DirectX12\DX12GraphicsCommand.cpp(91,3):
          'bool Microsoft::WRL::operator !=(nullptr,const Microsoft::WRL::Details::ComPtrRef<Microsoft::WRL::ComPtr<T>> &) noexcept': 'int'에서 'const Microsoft::WRL::Details::ComPtrRef<Microsoft::WRL::ComPtr<T>> &'에 대한 템플릿 인수를 추론할 수 없습니다.
      C:\Program Files (x86)\Windows Kits\10\Include\10.0.26100.0\winrt\wrl\client.h(879,6):
      또는       'bool Microsoft::WRL::operator !=(const Microsoft::WRL::Details::ComPtrRef<Microsoft::WRL::ComPtr<T>> &,nullptr) noexcept'
          C:\Develop\JGEngine\Source\Runtime\Graphics\DirectX12\DX12GraphicsCommand.cpp(91,3):
          'bool Microsoft::WRL::operator !=(const Microsoft::WRL::Details::ComPtrRef<Microsoft::WRL::ComPtr<T>> &,nullptr) noexcept': 'D3D12_CPU_DESCRIPTOR_HANDLE'에서 'const Microsoft::WRL::Details::ComPtrRef<Microsoft::WRL::ComPtr<T>> &'에 대한 템플릿 인수를 추론할 수 없습니다.
      C:\Program Files (x86)\Windows Kits\10\Include\10.0.26100.0\winrt\wrl\client.h(872,6):
      또는       'bool Microsoft::WRL::operator !=(const Microsoft::WRL::Details::ComPtrRef<Microsoft::WRL::ComPtr<T>> &,const Microsoft::WRL::Details::ComPtrRef<Microsoft::WRL::ComPtr<U>> &) noexcept'
          C:\Develop\JGEngine\Source\Runtime\Graphics\DirectX12\DX12GraphicsCommand.cpp(91,3):
          'bool Microsoft::WRL::operator !=(const Microsoft::WRL::Details::ComPtrRef<Microsoft::WRL::ComPtr<T>> &,const Microsoft::WRL::Details::ComPtrRef<Microsoft::WRL::ComPtr<U>> &) noexcept': 'D3D12_CPU_DESCRIPTOR_HANDLE'에서 'const Microsoft::WRL::Details::ComPtrRef<Microsoft::WRL::ComPtr<T>> &'에 대한 템플릿 인수를 추론할 수 없습니다.
      C:\Program Files (x86)\Windows Kits\10\Include\10.0.26100.0\winrt\wrl\client.h(827,6):
      또는       'bool Microsoft::WRL::operator !=(nullptr,const Microsoft::WRL::ComPtr<T> &) noexcept'
          C:\Develop\JGEngine\Source\Runtime\Graphics\DirectX12\DX12GraphicsCommand.cpp(91,3):
          'bool Microsoft::WRL::operator !=(nullptr,const Microsoft::WRL::ComPtr<T> &) noexcept': 'int'에서 'const Microsoft::WRL::ComPtr<T> &'에 대한 템플릿 인수를 추론할 수 없습니다.
      C:\Program Files (x86)\Windows Kits\10\Include\10.0.26100.0\winrt\wrl\client.h(821,6):
      또는       'bool Microsoft::WRL::operator !=(const Microsoft::WRL::ComPtr<T> &,nullptr) noexcept'
          C:\Develop\JGEngine\Source\Runtime\Graphics\DirectX12\DX12GraphicsCommand.cpp(91,3):
          'bool Microsoft::WRL::operator !=(const Microsoft::WRL::ComPtr<T> &,nullptr) noexcept': 'D3D12_CPU_DESCRIPTOR_HANDLE'에서 'const Microsoft::WRL::ComPtr<T> &'에 대한 템플릿 인수를 추론할 수 없습니다.
      C:\Program Files (x86)\Windows Kits\10\Include\10.0.26100.0\winrt\wrl\client.h(814,6):
      또는       'bool Microsoft::WRL::operator !=(const Microsoft::WRL::ComPtr<T> &,const Microsoft::WRL::ComPtr<U> &) noexcept'
          C:\Develop\JGEngine\Source\Runtime\Graphics\DirectX12\DX12GraphicsCommand.cpp(91,3):
          'bool Microsoft::WRL::operator !=(const Microsoft::WRL::ComPtr<T> &,const Microsoft::WRL::ComPtr<U> &) noexcept': 'D3D12_CPU_DESCRIPTOR_HANDLE'에서 'const Microsoft::WRL::ComPtr<T> &'에 대한 템플릿 인수를 추론할 수 없습니다.
      C:\Program Files (x86)\Windows Kits\10\Include\10.0.26100.0\winrt\wrl\client.h(795,6):
      또는 'bool Microsoft::WRL::operator ==(const Microsoft::WRL::ComPtr<T> &,const Microsoft::WRL::ComPtr<U> &) noexcept' [다시 작성된 식 '!(x == y)']
          C:\Develop\JGEngine\Source\Runtime\Graphics\DirectX12\DX12GraphicsCommand.cpp(91,3):
          'bool Microsoft::WRL::operator ==(const Microsoft::WRL::ComPtr<T> &,const Microsoft::WRL::ComPtr<U> &) noexcept': 'D3D12_CPU_DESCRIPTOR_HANDLE'에서 'const Microsoft::WRL::ComPtr<T> &'에 대한 템플릿 인수를 추론할 수 없습니다.
      C:\Program Files (x86)\Windows Kits\10\Include\10.0.26100.0\winrt\wrl\client.h(802,6):
      또는 'bool Microsoft::WRL::operator ==(const Microsoft::WRL::ComPtr<T> &,nullptr) noexcept' [다시 작성된 식 '!(x == y)']
          C:\Develop\JGEngine\Source\Runtime\Graphics\DirectX12\DX12GraphicsCommand.cpp(91,3):
          'bool Microsoft::WRL::operator ==(const Microsoft::WRL::ComPtr<T> &,nullptr) noexcept': 'D3D12_CPU_DESCRIPTOR_HANDLE'에서 'const Microsoft::WRL::ComPtr<T> &'에 대한 템플릿 인수를 추론할 수 없습니다.
      C:\Program Files (x86)\Windows Kits\10\Include\10.0.26100.0\winrt\wrl\client.h(808,6):
      또는 'bool Microsoft::WRL::operator ==(nullptr,const Microsoft::WRL::ComPtr<T> &) noexcept' [다시 작성된 식 '!(x == y)']
          C:\Develop\JGEngine\Source\Runtime\Graphics\DirectX12\DX12GraphicsCommand.cpp(91,3):
          'bool Microsoft::WRL::operator ==(nullptr,const Microsoft::WRL::ComPtr<T> &) noexcept': 'int'에서 'const Microsoft::WRL::ComPtr<T> &'에 대한 템플릿 인수를 추론할 수 없습니다.
      C:\Program Files (x86)\Windows Kits\10\Include\10.0.26100.0\winrt\wrl\client.h(841,6):
      또는 'bool Microsoft::WRL::operator ==(const Microsoft::WRL::Details::ComPtrRef<Microsoft::WRL::ComPtr<T>> &,const Microsoft::WRL::Details::ComPtrRef<Microsoft::WRL::ComPtr<U>> &) noexcept' [다시 작성된 식 '!(x == y)']
          C:\Develop\JGEngine\Source\Runtime\Graphics\DirectX12\DX12GraphicsCommand.cpp(91,3):
          'bool Microsoft::WRL::operator ==(const Microsoft::WRL::Details::ComPtrRef<Microsoft::WRL::ComPtr<T>> &,const Microsoft::WRL::Details::ComPtrRef<Microsoft::WRL::ComPtr<U>> &) noexcept': 'D3D12_CPU_DESCRIPTOR_HANDLE'에서 'const Microsoft::WRL::Details::ComPtrRef<Microsoft::WRL::ComPtr<T>> &'에 대한 템플릿 인수를 추론할 수 없습니다.
      C:\Program Files (x86)\Windows Kits\10\Include\10.0.26100.0\winrt\wrl\client.h(848,6):
      또는 'bool Microsoft::WRL::operator ==(const Microsoft::WRL::Details::ComPtrRef<Microsoft::WRL::ComPtr<T>> &,nullptr) noexcept' [다시 작성된 식 '!(x == y)']
          C:\Develop\JGEngine\Source\Runtime\Graphics\DirectX12\DX12GraphicsCommand.cpp(91,3):
          'bool Microsoft::WRL::operator ==(const Microsoft::WRL::Details::ComPtrRef<Microsoft::WRL::ComPtr<T>> &,nullptr) noexcept': 'D3D12_CPU_DESCRIPTOR_HANDLE'에서 'const Microsoft::WRL::Details::ComPtrRef<Microsoft::WRL::ComPtr<T>> &'에 대한 템플릿 인수를 추론할 수 없습니다.
      C:\Program Files (x86)\Windows Kits\10\Include\10.0.26100.0\winrt\wrl\client.h(854,6):
      또는 'bool Microsoft::WRL::operator ==(nullptr,const Microsoft::WRL::Details::ComPtrRef<Microsoft::WRL::ComPtr<T>> &) noexcept' [다시 작성된 식 '!(x == y)']
          C:\Develop\JGEngine\Source\Runtime\Graphics\DirectX12\DX12GraphicsCommand.cpp(91,3):
          'bool Microsoft::WRL::operator ==(nullptr,const Microsoft::WRL::Details::ComPtrRef<Microsoft::WRL::ComPtr<T>> &) noexcept': 'int'에서 'const Microsoft::WRL::Details::ComPtrRef<Microsoft::WRL::ComPtr<T>> &'에 대한 템플릿 인수를 추론할 수 없습니다.
      C:\Program Files (x86)\Windows Kits\10\Include\10.0.26100.0\winrt\wrl\client.h(860,6):
      또는 'bool Microsoft::WRL::operator ==(const Microsoft::WRL::Details::ComPtrRef<Microsoft::WRL::ComPtr<T>> &,void *) noexcept' [다시 작성된 식 '!(x == y)']
          C:\Develop\JGEngine\Source\Runtime\Graphics\DirectX12\DX12GraphicsCommand.cpp(91,3):
          'bool Microsoft::WRL::operator ==(const Microsoft::WRL::Details::ComPtrRef<Microsoft::WRL::ComPtr<T>> &,void *) noexcept': 'D3D12_CPU_DESCRIPTOR_HANDLE'에서 'const Microsoft::WRL::Details::ComPtrRef<Microsoft::WRL::ComPtr<T>> &'에 대한 템플릿 인수를 추론할 수 없습니다.
      C:\Program Files (x86)\Windows Kits\10\Include\10.0.26100.0\winrt\wrl\client.h(866,6):
      또는 'bool Microsoft::WRL::operator ==(void *,const Microsoft::WRL::Details::ComPtrRef<Microsoft::WRL::ComPtr<T>> &) noexcept' [다시 작성된 식 '!(x == y)']
          C:\Develop\JGEngine\Source\Runtime\Graphics\DirectX12\DX12GraphicsCommand.cpp(91,3):
          'bool Microsoft::WRL::operator ==(void *,const Microsoft::WRL::Details::ComPtrRef<Microsoft::WRL::ComPtr<T>> &) noexcept': 'int'에서 'const Microsoft::WRL::Details::ComPtrRef<Microsoft::WRL::ComPtr<T>> &'에 대한 템플릿 인수를 추론할 수 없습니다.
      C:\Program Files (x86)\Windows Kits\10\Include\10.0.26100.0\winrt\wrl\client.h(795,6):
      또는 'bool Microsoft::WRL::operator ==(const Microsoft::WRL::ComPtr<T> &,const Microsoft::WRL::ComPtr<U> &) noexcept' [합성된 식 '!(x == y)']
          C:\Develop\JGEngine\Source\Runtime\Graphics\DirectX12\DX12GraphicsCommand.cpp(91,3):
          'bool Microsoft::WRL::operator ==(const Microsoft::WRL::ComPtr<T> &,const Microsoft::WRL::ComPtr<U> &) noexcept': 'int'에서 'const Microsoft::WRL::ComPtr<T> &'에 대한 템플릿 인수를 추론할 수 없습니다.
      C:\Program Files (x86)\Windows Kits\10\Include\10.0.26100.0\winrt\wrl\client.h(802,6):
      또는 'bool Microsoft::WRL::operator ==(const Microsoft::WRL::ComPtr<T> &,nullptr) noexcept' [합성된 식 '!(x == y)']
          C:\Develop\JGEngine\Source\Runtime\Graphics\DirectX12\DX12GraphicsCommand.cpp(91,3):
          'bool Microsoft::WRL::operator ==(const Microsoft::WRL::ComPtr<T> &,nullptr) noexcept': 'int'에서 'const Microsoft::WRL::ComPtr<T> &'에 대한 템플릿 인수를 추론할 수 없습니다.
      C:\Program Files (x86)\Windows Kits\10\Include\10.0.26100.0\winrt\wrl\client.h(808,6):
      또는 'bool Microsoft::WRL::operator ==(nullptr,const Microsoft::WRL::ComPtr<T> &) noexcept' [합성된 식 '!(x == y)']
          C:\Develop\JGEngine\Source\Runtime\Graphics\DirectX12\DX12GraphicsCommand.cpp(91,3):
          'bool Microsoft::WRL::operator ==(nullptr,const Microsoft::WRL::ComPtr<T> &) noexcept': 'D3D12_CPU_DESCRIPTOR_HANDLE'에서 'const Microsoft::WRL::ComPtr<T> &'에 대한 템플릿 인수를 추론할 수 없습니다.
      C:\Program Files (x86)\Windows Kits\10\Include\10.0.26100.0\winrt\wrl\client.h(841,6):
      또는 'bool Microsoft::WRL::operator ==(const Microsoft::WRL::Details::ComPtrRef<Microsoft::WRL::ComPtr<T>> &,const Microsoft::WRL::Details::ComPtrRef<Microsoft::WRL::ComPtr<U>> &) noexcept' [합성된 식 '!(x == y)']
          C:\Develop\JGEngine\Source\Runtime\Graphics\DirectX12\DX12GraphicsCommand.cpp(91,3):
          'bool Microsoft::WRL::operator ==(const Microsoft::WRL::Details::ComPtrRef<Microsoft::WRL::ComPtr<T>> &,const Microsoft::WRL::Details::ComPtrRef<Microsoft::WRL::ComPtr<U>> &) noexcept': 'int'에서 'const Microsoft::WRL::Details::ComPtrRef<Microsoft::WRL::ComPtr<T>> &'에 대한 템플릿 인수를 추론할 수 없습니다.
      C:\Program Files (x86)\Windows Kits\10\Include\10.0.26100.0\winrt\wrl\client.h(848,6):
      또는 'bool Microsoft::WRL::operator ==(const Microsoft::WRL::Details::ComPtrRef<Microsoft::WRL::ComPtr<T>> &,nullptr) noexcept' [합성된 식 '!(x == y)']
          C:\Develop\JGEngine\Source\Runtime\Graphics\DirectX12\DX12GraphicsCommand.cpp(91,3):
          'bool Microsoft::WRL::operator ==(const Microsoft::WRL::Details::ComPtrRef<Microsoft::WRL::ComPtr<T>> &,nullptr) noexcept': 'int'에서 'const Microsoft::WRL::Details::ComPtrRef<Microsoft::WRL::ComPtr<T>> &'에 대한 템플릿 인수를 추론할 수 없습니다.
      C:\Program Files (x86)\Windows Kits\10\Include\10.0.26100.0\winrt\wrl\client.h(854,6):
      또는 'bool Microsoft::WRL::operator ==(nullptr,const Microsoft::WRL::Details::ComPtrRef<Microsoft::WRL::ComPtr<T>> &) noexcept' [합성된 식 '!(x == y)']
          C:\Develop\JGEngine\Source\Runtime\Graphics\DirectX12\DX12GraphicsCommand.cpp(91,3):
          'bool Microsoft::WRL::operator ==(nullptr,const Microsoft::WRL::Details::ComPtrRef<Microsoft::WRL::ComPtr<T>> &) noexcept': 'D3D12_CPU_DESCRIPTOR_HANDLE'에서 'const Microsoft::WRL::Details::ComPtrRef<Microsoft::WRL::ComPtr<T>> &'에 대한 템플릿 인수를 추론할 수 없습니다.
      C:\Program Files (x86)\Windows Kits\10\Include\10.0.26100.0\winrt\wrl\client.h(860,6):
      또는 'bool Microsoft::WRL::operator ==(const Microsoft::WRL::Details::ComPtrRef<Microsoft::WRL::ComPtr<T>> &,void *) noexcept' [합성된 식 '!(x == y)']
          C:\Develop\JGEngine\Source\Runtime\Graphics\DirectX12\DX12GraphicsCommand.cpp(91,3):
          'bool Microsoft::WRL::operator ==(const Microsoft::WRL::Details::ComPtrRef<Microsoft::WRL::ComPtr<T>> &,void *) noexcept': 'int'에서 'const Microsoft::WRL::Details::ComPtrRef<Microsoft::WRL::ComPtr<T>> &'에 대한 템플릿 인수를 추론할 수 없습니다.
      C:\Program Files (x86)\Windows Kits\10\Include\10.0.26100.0\winrt\wrl\client.h(866,6):
      또는 'bool Microsoft::WRL::operator ==(void *,const Microsoft::WRL::Details::ComPtrRef<Microsoft::WRL::ComPtr<T>> &) noexcept' [합성된 식 '!(x == y)']
          C:\Develop\JGEngine\Source\Runtime\Graphics\DirectX12\DX12GraphicsCommand.cpp(91,3):
          'bool Microsoft::WRL::operator ==(void *,const Microsoft::WRL::Details::ComPtrRef<Microsoft::WRL::ComPtr<T>> &) noexcept': 'D3D12_CPU_DESCRIPTOR_HANDLE'에서 'const Microsoft::WRL::Details::ComPtrRef<Microsoft::WRL::ComPtr<T>> &'에 대한 템플릿 인수를 추론할 수 없습니다.
      C:\Develop\JGEngine\Source\Runtime\Graphics\DirectX12\DX12GraphicsCommand.cpp(91,3):
      인수 목록 '(D3D12_CPU_DESCRIPTOR_HANDLE, int)'을(를) 일치시키는 동안
  
C:\Develop\JGEngine\Source\Runtime\Graphics\DirectX12\DX12GraphicsCommand.cpp(132,45): error C2440: '초기화 중': 'PSharedPtr<IConstantBuffer>'에서 'PSharedPtr<PDX12ConstantBuffer>'(으)로 변환할 수 없습니다. [C:\Develop\JGEngine\Temp\ProjectFiles\Graphics.vcxproj]
  (소스 파일 '/Source/Runtime/Graphics/DirectX12/DX12GraphicsCommand.cpp'을(를) 컴파일하는 중)
      C:\Develop\JGEngine\Source\Runtime\Graphics\DirectX12\DX12GraphicsCommand.cpp(132,45):
      이 변환을 수행할 수 있는 사용 가능한 사용자 정의 변환 연산자가 없거나 연산자를 호출할 수 없습니다.
  
C:\Develop\JGEngine\Source\Runtime\Graphics\DirectX12\DX12GraphicsCommand.cpp(137,27): error C2039: 'get': 'PDX12Material'의 멤버가 아닙니다. [C:\Develop\JGEngine\Temp\ProjectFiles\Graphics.vcxproj]
  (소스 파일 '/Source/Runtime/Graphics/DirectX12/DX12GraphicsCommand.cpp'을(를) 컴파일하는 중)
      C:\Develop\JGEngine\Source\Runtime\Graphics\DirectX12\DX12Material.h(18,7):
      'PDX12Material' 선언을 참조하십시오.
  
C:\Develop\JGEngine\Source\Runtime\Graphics\DirectX12\DX12GraphicsCommand.cpp(143,2): error C2146: 구문 오류: ';'이(가) 'cmdList' 식별자 앞에 없습니다. [C:\Develop\JGEngine\Temp\ProjectFiles\Graphics.vcxproj]
  (소스 파일 '/Source/Runtime/Graphics/DirectX12/DX12GraphicsCommand.cpp'을(를) 컴파일하는 중)
  
C:\Develop\JGEngine\Source\Runtime\Graphics\DirectX12\DX12GraphicsCommand.cpp(221,45): warning C4244: '=': 'uint64'에서 'UINT'(으)로 변환하면서 데이터가 손실될 수 있습니다. [C:\Develop\JGEngine\Temp\ProjectFiles\Graphics.vcxproj]
  (소스 파일 '/Source/Runtime/Graphics/DirectX12/DX12GraphicsCommand.cpp'을(를) 컴파일하는 중)
  
C:\Develop\JGEngine\Source\Runtime\Graphics\DirectX12\DX12GraphicsCommand.cpp(240,43): warning C4244: '=': 'uint64'에서 'UINT'(으)로 변환하면서 데이터가 손실될 수 있습니다. [C:\Develop\JGEngine\Temp\ProjectFiles\Graphics.vcxproj]
  (소스 파일 '/Source/Runtime/Graphics/DirectX12/DX12GraphicsCommand.cpp'을(를) 컴파일하는 중)
  
  DX12IndexBuffer.cpp
  DX12Material.cpp
C:\Develop\JGEngine\Source\Runtime\Graphics\DirectX12\DX12Material.cpp(1,1): warning C4819: 현재 코드 페이지(949)에서 표시할 수 없는 문자가 파일에 들어 있습니다. 데이터가 손실되지 않게 하려면 해당 파일을 유니코드 형식으로 저장하십시오. [C:\Develop\JGEngine\Temp\ProjectFiles\Graphics.vcxproj]
C:\Develop\JGEngine\Source\Runtime\Graphics\DirectX12\DX12Material.h(1,1): warning C4819: 현재 코드 페이지(949)에서 표시할 수 없는 문자가 파일에 들어 있습니다. 데이터가 손실되지 않게 하려면 해당 파일을 유니코드 형식으로 저장하십시오. [C:\Develop\JGEngine\Temp\ProjectFiles\Graphics.vcxproj]
  (소스 파일 '/Source/Runtime/Graphics/DirectX12/DX12Material.cpp'을(를) 컴파일하는 중)
  
C:\Develop\JGEngine\Source\Runtime\Graphics\Classes\Material.h(169,19): error C2065: 'IConstantBuffer': 선언되지 않은 식별자입니다. [C:\Develop\JGEngine\Temp\ProjectFiles\Graphics.vcxproj]
  (소스 파일 '/Source/Runtime/Graphics/DirectX12/DX12Material.cpp'을(를) 컴파일하는 중)
  
C:\Develop\JGEngine\Source\Runtime\Graphics\Classes\Material.h(169,10): error C2923: 'PWeakPtr': 'IConstantBuffer'은(는) 'T' 매개 변수에 대한 올바른 템플릿 형식 인수가 아닙니다. [C:\Develop\JGEngine\Temp\ProjectFiles\Graphics.vcxproj]
  (소스 파일 '/Source/Runtime/Graphics/DirectX12/DX12Material.cpp'을(를) 컴파일하는 중)
      C:\Develop\JGEngine\Source\Runtime\Graphics\Classes\Material.h(169,19):
      'IConstantBuffer' 선언을 참조하십시오.
  
C:\Develop\JGEngine\Source\Runtime\Graphics\Classes\Material.h(169,36): error C2955: 'PWeakPtr': 클래스 템플릿을(를) 사용하려면 템플릿 인수 목록이 필요합니다. [C:\Develop\JGEngine\Temp\ProjectFiles\Graphics.vcxproj]
  (소스 파일 '/Source/Runtime/Graphics/DirectX12/DX12Material.cpp'을(를) 컴파일하는 중)
      C:\Develop\JGEngine\Source\Runtime\Core\Memory\Memory.h(298,1):
      'PWeakPtr' 선언을 참조하십시오.
  
C:\Develop\JGEngine\Source\Runtime\Graphics\DirectX12\DX12Material.h(103,36): error C2555: 'PDX12Material::GetConstantBuffer': 'IRawMaterial::GetConstantBuffer'과(와) 재정의 가상 함수의 반환 형식이 다르거나 공변(covariant)이 아닙니다. [C:\Develop\JGEngine\Temp\ProjectFiles\Graphics.vcxproj]
  (소스 파일 '/Source/Runtime/Graphics/DirectX12/DX12Material.cpp'을(를) 컴파일하는 중)
      C:\Develop\JGEngine\Source\Runtime\Graphics\Classes\Material.h(169,36):
      'IRawMaterial::GetConstantBuffer' 선언을 참조하십시오.
  
C:\Develop\JGEngine\Source\Runtime\Graphics\DirectX12\DX12Material.cpp(13,2): error C2679: 이항 '=': 오른쪽 피연산자로 'PSharedPtr<PDX12GraphicsShaderCompiler>' 형식을 사용하는 연산자가 없거나 허용되는 변환이 없습니다. [C:\Develop\JGEngine\Temp\ProjectFiles\Graphics.vcxproj]
  (소스 파일 '/Source/Runtime/Graphics/DirectX12/DX12Material.cpp'을(를) 컴파일하는 중)
      C:\Develop\JGEngine\Source\Runtime\Core\Memory\Memory.h(158,17):
      'PSharedPtr<PDX12GraphicsShader> &PSharedPtr<PDX12GraphicsShader>::operator =(PSharedPtr<PDX12GraphicsShader> &&)'일 수 있습니다.
      C:\Develop\JGEngine\Source\Runtime\Core\Memory\Memory.h(143,17):
      또는       'PSharedPtr<PDX12GraphicsShader> &PSharedPtr<PDX12GraphicsShader>::operator =(const PSharedPtr<PDX12GraphicsShader> &)'
      C:\Develop\JGEngine\Source\Runtime\Core\Memory\Memory.h(151,17):
      또는       'PSharedPtr<PDX12GraphicsShader> &PSharedPtr<PDX12GraphicsShader>::operator =(PSharedPtr<U> &&)'
          C:\Develop\JGEngine\Source\Runtime\Graphics\DirectX12\DX12Material.cpp(13,2):
          'PSharedPtr<PDX12GraphicsShader> &PSharedPtr<PDX12GraphicsShader>::operator =(PSharedPtr<U> &&)': '__formal'의 템플릿 인수를 추론할 수 없습니다.
      C:\Develop\JGEngine\Source\Runtime\Core\Memory\Memory.h(136,17):
      또는       'PSharedPtr<PDX12GraphicsShader> &PSharedPtr<PDX12GraphicsShader>::operator =(const PSharedPtr<U> &)'
          C:\Develop\JGEngine\Source\Runtime\Graphics\DirectX12\DX12Material.cpp(13,2):
          'PSharedPtr<PDX12GraphicsShader> &PSharedPtr<PDX12GraphicsShader>::operator =(const PSharedPtr<U> &)': '__formal'의 템플릿 인수를 추론할 수 없습니다.
      C:\Develop\JGEngine\Source\Runtime\Graphics\DirectX12\DX12Material.cpp(13,2):
      인수 목록 '(PSharedPtr<PDX12GraphicsShader>, PSharedPtr<PDX12GraphicsShaderCompiler>)'을(를) 일치시키는 동안
  
  DX12StructuredBuffer.cpp
  코드를 생성하고 있습니다...
  컴파일하고 있습니다...
  DX12Texture.cpp
  DX12VertexBuffer.cpp
  DirectX12API.cpp
  FBXAssetImporter.cpp
  JGGraphics.cpp
  JGGraphicsAPI.cpp
  JGGraphicsCommand.cpp
  JGGraphicsHelper.cpp
  Main.cpp
  FBXAssetImporter.generation.cpp
  Graphics.codegen.generate.cpp
  JGGraphicsDefine.generation.cpp
  StaticMesh.generation.cpp
  Texture.generation.cpp
  코드를 생성하고 있습니다...
[msbuild exit 1]
