
  PCH.cpp
  CoreSystem.cpp
  FileHelper.cpp
  Json.cpp
  BBox.cpp
  Frustum.cpp
  Math.cpp
  Matrix.cpp
  Plane.cpp
  Quaternion.cpp
  Vector.cpp
  Allocator.cpp
  Memory.cpp
  MemoryPool.cpp
  DateTime.cpp
  DevelopUnit.cpp
  Guid.cpp
  Log.cpp
  Module.cpp
  SequentialIDGenerator.cpp
  Timer.cpp
  코드를 생성하고 있습니다...
  컴파일하고 있습니다...
  Timespan.cpp
  JGObject.cpp
  ObjectGlobalSystem.cpp
  ObjectGlobals.cpp
  JWindow.cpp
  Platform.cpp
  WindowsJWindow.cpp
  Name.cpp
  Path.cpp
  String.cpp
  StringTable.cpp
  Scheduler.cpp
  Task.cpp
  Thread.cpp
  코드를 생성하고 있습니다...
  Core.vcxproj -> C:\JG\JGEngine\Bin\DevelopEngine\Core.lib
  PCH.cpp
  PCH.cpp
  PCH.cpp
  PCH.cpp
  PCH.cpp
  PCH.cpp
  Main.cpp
  BuildTool.cpp
  Main.cpp
  Asset.cpp
  Main.cpp
  HeaderTool.cpp
  Main.cpp
  AssetDatabase.cpp
  Main.cpp
  코드를 생성하고 있습니다...
  AssetImporter.cpp
  코드를 생성하고 있습니다...
  AssetModule.cpp
  AssetPath.cpp
  Asset.codegen.generate.cpp
  Asset.generation.cpp
  AssetImporter.generation.cpp
  코드를 생성하고 있습니다...
  GameFrameWorks.vcxproj -> C:\JG\JGEngine\Bin\DevelopEngine\GameFrameWorks.lib
  JGConsole.vcxproj -> C:\JG\JGEngine\Bin\DevelopEngine\JGConsole.exe
  JGLauncher.vcxproj -> C:\JG\JGEngine\Bin\DevelopEngine\JGLauncher.exe
  PCH.cpp
  JGBuildTool.vcxproj -> C:\JG\JGEngine\Bin\DevelopEngine\JGBuildTool.exe
  JGHeaderTool.vcxproj -> C:\JG\JGEngine\Bin\DevelopEngine\JGHeaderTool.exe
     ..\..\Bin\DevelopEngine\Asset.lib 라이브러리 및 ..\..\Bin\DevelopEngine\Asset.exp 개체를 생성하고 있습니다.
  Main.cpp
  Asset.vcxproj -> C:\JG\JGEngine\Bin\DevelopEngine\Asset.dll
  Game.codegen.generate.cpp
  코드를 생성하고 있습니다...
  PCH.cpp
     ..\..\Bin\DevelopEngine\Game.lib 라이브러리 및 ..\..\Bin\DevelopEngine\Game.exp 개체를 생성하고 있습니다.
  ShaderLibrary.cpp
  StaticMesh.cpp
  Game.vcxproj -> C:\JG\JGEngine\Bin\DevelopEngine\Game.dll
  Texture.cpp
  CommandList.cpp
  CommandQueue.cpp
  DX12Shader.cpp
  DescriptionAllocator.cpp
  DirectX12Helper.cpp
  DynamicDescriptionAllocator.cpp
  Fence.cpp
  PipelineState.cpp
  ResourceStateTracker.cpp
  RootSignature.cpp
  UploadAllocator.cpp
  DX12ConstantBuffer.cpp
  DX12FrameBuffer.cpp
  DX12GraphicsCommand.cpp
  DX12IndexBuffer.cpp
  DX12Material.cpp
  DX12StructuredBuffer.cpp
  코드를 생성하고 있습니다...
  컴파일하고 있습니다...
  DX12Texture.cpp
  DX12VertexBuffer.cpp
  DirectX12API.cpp
  FBXAssetImporter.cpp
  JGGraphics.cpp
  JGGraphicsAPI.cpp
  JGGraphicsCommand.cpp
  JGGraphicsHelper.cpp
  Main.cpp
  FBXAssetImporter.generation.cpp
  Graphics.codegen.generate.cpp
  JGGraphicsDefine.generation.cpp
  StaticMesh.generation.cpp
  Texture.generation.cpp
  코드를 생성하고 있습니다...
     ..\..\Bin\DevelopEngine\Graphics.lib 라이브러리 및 ..\..\Bin\DevelopEngine\Graphics.exp 개체를 생성하고 있습니다.
LINK : warning LNK4098: 'MSVCRT' defaultlib가 다른 라이브러리와 충돌합니다. /NODEFAULTLIB:library를 사용하십시오. [C:\JG\JGEngine\Temp\ProjectFiles\Graphics.vcxproj]
  Graphics.vcxproj -> C:\JG\JGEngine\Bin\DevelopEngine\Graphics.dll
  PCH.cpp
  PCH.cpp
  Main.cpp
  DX12GUIBackend.cpp
  AI.codegen.generate.cpp
  GUIBackend.cpp
  코드를 생성하고 있습니다...
  GUIBackends.cpp
     ..\..\Bin\DevelopEngine\AI.lib 라이브러리 및 ..\..\Bin\DevelopEngine\AI.exp 개체를 생성하고 있습니다.
  GUI.cpp
  AI.vcxproj -> C:\JG\JGEngine\Bin\DevelopEngine\AI.dll
  GUIModule.cpp
  imgui.cpp
  imgui_demo.cpp
  imgui_draw.cpp
  imgui_impl_dx12.cpp
  imgui_impl_win32.cpp
  imgui_tables.cpp
  imgui_widgets.cpp
  implot.cpp
  implot_demo.cpp
  implot_items.cpp
  MenuTree.cpp
  Widget.cpp
  WidgetComponent.cpp
  GUI.codegen.generate.cpp
  Widget.generation.cpp
  코드를 생성하고 있습니다...
  컴파일하고 있습니다...
  WidgetComponent.generation.cpp
  코드를 생성하고 있습니다...
     ..\..\Bin\DevelopEngine\GUI.lib 라이브러리 및 ..\..\Bin\DevelopEngine\GUI.exp 개체를 생성하고 있습니다.
  GUI.vcxproj -> C:\JG\JGEngine\Bin\DevelopEngine\GUI.dll
  PCH.cpp
  PCH.cpp
  PCH.cpp
  PCH.cpp
  DevConsole.cpp
  JGEditor.cpp
  DevStatistics.cpp
  DevFeature.cpp
  JGEditor.codegen.generate.cpp
  DevConsoleModule.cpp
  MemoryStatistics.cpp
  DevScene.cpp
C:\JG\JGEngine\Source\Editor\DevStatistics\MemoryStatistics.cpp(40,21): warning C4244: '초기화 중': 'unsigned __int64'에서 'float32'(으)로 변환하면서 데이터가 손실될 수 있습니다. [C:\JG\JGEngine\Temp\ProjectFiles\DevStatistics.vcxproj]
  (소스 파일 '/Source/Editor/DevStatistics/MemoryStatistics.cpp'을(를) 컴파일하는 중)
  
C:\JG\JGEngine\Source\Editor\DevStatistics\MemoryStatistics.cpp(59,81): warning C4244: '인수': 'uint64'에서 'double'(으)로 변환하면서 데이터가 손실될 수 있습니다. [C:\JG\JGEngine\Temp\ProjectFiles\DevStatistics.vcxproj]
  (소스 파일 '/Source/Editor/DevStatistics/MemoryStatistics.cpp'을(를) 컴파일하는 중)
  
C:\JG\JGEngine\Source\Editor\DevStatistics\MemoryStatistics.cpp(60,85): warning C4244: '인수': 'uint64'에서 'double'(으)로 변환하면서 데이터가 손실될 수 있습니다. [C:\JG\JGEngine\Temp\ProjectFiles\DevStatistics.vcxproj]
  (소스 파일 '/Source/Editor/DevStatistics/MemoryStatistics.cpp'을(를) 컴파일하는 중)
  
C:\JG\JGEngine\Source\Editor\DevStatistics\MemoryStatistics.cpp(61,85): warning C4244: '인수': 'uint64'에서 'double'(으)로 변환하면서 데이터가 손실될 수 있습니다. [C:\JG\JGEngine\Temp\ProjectFiles\DevStatistics.vcxproj]
  (소스 파일 '/Source/Editor/DevStatistics/MemoryStatistics.cpp'을(를) 컴파일하는 중)
  
  코드를 생성하고 있습니다...
  DevConsole.codegen.generate.cpp
  DevStatistics.codegen.generate.cpp
  DevSettings.cpp
     ..\..\Bin\DevelopEngine\JGEditor.lib 라이브러리 및 ..\..\Bin\DevelopEngine\JGEditor.exp 개체를 생성하고 있습니다.
  DevConsole.generation.cpp
  MemoryStatistics.generation.cpp
  DevkitModule.cpp
  코드를 생성하고 있습니다...
  코드를 생성하고 있습니다...
  DevFeature.generation.cpp
  JGEditor.vcxproj -> C:\JG\JGEngine\Bin\DevelopEngine\JGEditor.dll
  DevScene.generation.cpp
  DevSettings.generation.cpp
     ..\..\Bin\DevelopEngine\DevConsole.lib 라이브러리 및 ..\..\Bin\DevelopEngine\DevConsole.exp 개체를 생성하고 있습니다.
     ..\..\Bin\DevelopEngine\DevStatistics.lib 라이브러리 및 ..\..\Bin\DevelopEngine\DevStatistics.exp 개체를 생성하고 있습니다.
  Devkit.codegen.generate.cpp
  코드를 생성하고 있습니다...
  DevConsole.vcxproj -> C:\JG\JGEngine\Bin\DevelopEngine\DevConsole.dll
  DevStatistics.vcxproj -> C:\JG\JGEngine\Bin\DevelopEngine\DevStatistics.dll
     ..\..\Bin\DevelopEngine\Devkit.lib 라이브러리 및 ..\..\Bin\DevelopEngine\Devkit.exp 개체를 생성하고 있습니다.
  Devkit.vcxproj -> C:\JG\JGEngine\Bin\DevelopEngine\Devkit.dll
  PCH.cpp
  JGDevGraphicsTest.cpp
  JGDev_Graphics.cpp
  JGDev_Graphics.codegen.generate.cpp
  코드를 생성하고 있습니다...
     ..\..\Bin\DevelopEngine\JGDev_Graphics.lib 라이브러리 및 ..\..\Bin\DevelopEngine\JGDev_Graphics.exp 개체를 생성하고 있습니다.
  JGDev_Graphics.vcxproj -> C:\JG\JGEngine\Bin\DevelopEngine\JGDev_Graphics.dll
EXIT=0
