
  PCH.cpp
  CoreSystem.cpp
  FileHelper.cpp
  Json.cpp
  BBox.cpp
  Frustum.cpp
  Math.cpp
  Matrix.cpp
  Plane.cpp
  Quaternion.cpp
  Vector.cpp
  Allocator.cpp
  Memory.cpp
  MemoryPool.cpp
  DateTime.cpp
  DevelopUnit.cpp
  Guid.cpp
  Log.cpp
  Module.cpp
  SequentialIDGenerator.cpp
  Timer.cpp
  코드를 생성하고 있습니다...
  컴파일하고 있습니다...
  Timespan.cpp
  JGObject.cpp
  ObjectGlobalSystem.cpp
  ObjectGlobals.cpp
  JWindow.cpp
  Platform.cpp
  WindowsJWindow.cpp
  Name.cpp
  Path.cpp
  String.cpp
  StringTable.cpp
  Scheduler.cpp
  Task.cpp
  Thread.cpp
  코드를 생성하고 있습니다...
  Core.vcxproj -> C:\Develop\JGEngine\Bin\DevelopEngine\Core.lib
  PCH.cpp
  Asset.cpp
  AssetDatabase.cpp
  AssetImporter.cpp
  AssetModule.cpp
  AssetPath.cpp
  Asset.codegen.generate.cpp
  Asset.generation.cpp
  AssetImporter.generation.cpp
  코드를 생성하고 있습니다...
     ..\..\Bin\DevelopEngine\Asset.lib 라이브러리 및 ..\..\Bin\DevelopEngine\Asset.exp 개체를 생성하고 있습니다.
  Asset.vcxproj -> C:\Develop\JGEngine\Bin\DevelopEngine\Asset.dll
  PCH.cpp
  ShaderLibrary.cpp
  StaticMesh.cpp
  Texture.cpp
  CommandList.cpp
  CommandQueue.cpp
  DX12Shader.cpp
  DescriptionAllocator.cpp
  DirectX12Helper.cpp
  DynamicDescriptionAllocator.cpp
  Fence.cpp
  PipelineState.cpp
  ResourceStateTracker.cpp
  RootSignature.cpp
  UploadAllocator.cpp
  DX12ConstantBuffer.cpp
  DX12FrameBuffer.cpp
  DX12GraphicsCommand.cpp
C:\Develop\JGEngine\Source\Runtime\Graphics\DirectX12\DX12GraphicsCommand.cpp(223,45): warning C4244: '=': 'uint64'에서 'UINT'(으)로 변환하면서 데이터가 손실될 수 있습니다. [C:\Develop\JGEngine\Temp\ProjectFiles\Graphics.vcxproj]
  (소스 파일 '/Source/Runtime/Graphics/DirectX12/DX12GraphicsCommand.cpp'을(를) 컴파일하는 중)
  
C:\Develop\JGEngine\Source\Runtime\Graphics\DirectX12\DX12GraphicsCommand.cpp(242,43): warning C4244: '=': 'uint64'에서 'UINT'(으)로 변환하면서 데이터가 손실될 수 있습니다. [C:\Develop\JGEngine\Temp\ProjectFiles\Graphics.vcxproj]
  (소스 파일 '/Source/Runtime/Graphics/DirectX12/DX12GraphicsCommand.cpp'을(를) 컴파일하는 중)
  
  DX12IndexBuffer.cpp
  DX12Material.cpp
  DX12StructuredBuffer.cpp
  코드를 생성하고 있습니다...
  컴파일하고 있습니다...
  DX12Texture.cpp
  DX12VertexBuffer.cpp
  DirectX12API.cpp
  FBXAssetImporter.cpp
  JGGraphics.cpp
  JGGraphicsAPI.cpp
  JGGraphicsCommand.cpp
  JGGraphicsHelper.cpp
  Main.cpp
  FBXAssetImporter.generation.cpp
  Graphics.codegen.generate.cpp
  JGGraphicsDefine.generation.cpp
  StaticMesh.generation.cpp
  Texture.generation.cpp
  코드를 생성하고 있습니다...
     ..\..\Bin\DevelopEngine\Graphics.lib 라이브러리 및 ..\..\Bin\DevelopEngine\Graphics.exp 개체를 생성하고 있습니다.
LINK : warning LNK4098: 'MSVCRT' defaultlib가 다른 라이브러리와 충돌합니다. /NODEFAULTLIB:library를 사용하십시오. [C:\Develop\JGEngine\Temp\ProjectFiles\Graphics.vcxproj]
  Graphics.vcxproj -> C:\Develop\JGEngine\Bin\DevelopEngine\Graphics.dll
