
  Core.vcxproj -> C:\JG\JGEngine\Bin\DevelopEngine\Core.lib
  JGLauncher.vcxproj -> C:\JG\JGEngine\Bin\DevelopEngine\JGLauncher.exe
  GameFrameWorks.vcxproj -> C:\JG\JGEngine\Bin\DevelopEngine\GameFrameWorks.lib
  JGConsole.vcxproj -> C:\JG\JGEngine\Bin\DevelopEngine\JGConsole.exe
  JGBuildTool.vcxproj -> C:\JG\JGEngine\Bin\DevelopEngine\JGBuildTool.exe
  JGHeaderTool.vcxproj -> C:\JG\JGEngine\Bin\DevelopEngine\JGHeaderTool.exe
  Asset.cpp
  Game.codegen.generate.cpp
  AssetDatabase.cpp
  Asset.codegen.generate.cpp
  Game.vcxproj -> C:\JG\JGEngine\Bin\DevelopEngine\Game.dll
  Asset.generation.cpp
  AssetImporter.generation.cpp
  코드를 생성하고 있습니다...
  Asset.vcxproj -> C:\JG\JGEngine\Bin\DevelopEngine\Asset.dll
  StaticMesh.cpp
  Texture.cpp
  TransferManager.cpp
  DX12FrameBuffer.cpp
  DX12GraphicsCommand.cpp
  DX12Material.cpp
  DX12Texture.cpp
  DirectX12API.cpp
  FBXAssetImporter.cpp
  JGGraphicsAPI.cpp
  FBXAssetImporter.generation.cpp
  Graphics.codegen.generate.cpp
  JGGraphicsDefine.generation.cpp
  StaticMesh.generation.cpp
  Texture.generation.cpp
  코드를 생성하고 있습니다...
  Graphics.vcxproj -> C:\JG\JGEngine\Bin\DevelopEngine\Graphics.dll
  AI.codegen.generate.cpp
  GUI.cpp
  GUIModule.cpp
  AI.vcxproj -> C:\JG\JGEngine\Bin\DevelopEngine\AI.dll
  Widget.cpp
  WidgetComponent.cpp
  GUI.codegen.generate.cpp
  Widget.generation.cpp
  WidgetComponent.generation.cpp
  코드를 생성하고 있습니다...
  GUI.vcxproj -> C:\JG\JGEngine\Bin\DevelopEngine\GUI.dll
  JGEditor.codegen.generate.cpp
  DevStatistics.cpp
  DevFeature.cpp
  DevConsole.cpp
  MemoryStatistics.cpp
  DevScene.cpp
  DevConsoleModule.cpp
C:\JG\JGEngine\Source\Editor\DevStatistics\MemoryStatistics.cpp(40,21): warning C4244: '초기화 중': 'unsigned __int64'에서 'float32'(으)로 변환하면서 데이터가 손실될 수 있습니다. [C:\JG\JGEngine\Temp\ProjectFiles\DevStatistics.vcxproj]
  (소스 파일 '/Source/Editor/DevStatistics/MemoryStatistics.cpp'을(를) 컴파일하는 중)
  
C:\JG\JGEngine\Source\Editor\DevStatistics\MemoryStatistics.cpp(59,81): warning C4244: '인수': 'uint64'에서 'double'(으)로 변환하면서 데이터가 손실될 수 있습니다. [C:\JG\JGEngine\Temp\ProjectFiles\DevStatistics.vcxproj]
  (소스 파일 '/Source/Editor/DevStatistics/MemoryStatistics.cpp'을(를) 컴파일하는 중)
  
C:\JG\JGEngine\Source\Editor\DevStatistics\MemoryStatistics.cpp(60,85): warning C4244: '인수': 'uint64'에서 'double'(으)로 변환하면서 데이터가 손실될 수 있습니다. [C:\JG\JGEngine\Temp\ProjectFiles\DevStatistics.vcxproj]
  (소스 파일 '/Source/Editor/DevStatistics/MemoryStatistics.cpp'을(를) 컴파일하는 중)
  
C:\JG\JGEngine\Source\Editor\DevStatistics\MemoryStatistics.cpp(61,85): warning C4244: '인수': 'uint64'에서 'double'(으)로 변환하면서 데이터가 손실될 수 있습니다. [C:\JG\JGEngine\Temp\ProjectFiles\DevStatistics.vcxproj]
  (소스 파일 '/Source/Editor/DevStatistics/MemoryStatistics.cpp'을(를) 컴파일하는 중)
  
  JGEditor.vcxproj -> C:\JG\JGEngine\Bin\DevelopEngine\JGEditor.dll
  DevStatistics.codegen.generate.cpp
  DevSettings.cpp
  DevConsole.codegen.generate.cpp
  MemoryStatistics.generation.cpp
  DevConsole.generation.cpp
  DevFeature.generation.cpp
  코드를 생성하고 있습니다...
  코드를 생성하고 있습니다...
  DevScene.generation.cpp
  DevSettings.generation.cpp
     ..\..\Bin\DevelopEngine\DevStatistics.lib 라이브러리 및 ..\..\Bin\DevelopEngine\DevStatistics.exp 개체를 생성하고 있습니다.
  Devkit.codegen.generate.cpp
     ..\..\Bin\DevelopEngine\DevConsole.lib 라이브러리 및 ..\..\Bin\DevelopEngine\DevConsole.exp 개체를 생성하고 있습니다.
  코드를 생성하고 있습니다...
  DevStatistics.vcxproj -> C:\JG\JGEngine\Bin\DevelopEngine\DevStatistics.dll
  DevConsole.vcxproj -> C:\JG\JGEngine\Bin\DevelopEngine\DevConsole.dll
  Devkit.vcxproj -> C:\JG\JGEngine\Bin\DevelopEngine\Devkit.dll
  JGDevGraphicsTest.cpp
  JGDev_Graphics.cpp
  JGDev_Graphics.codegen.generate.cpp
  코드를 생성하고 있습니다...
     ..\..\Bin\DevelopEngine\JGDev_Graphics.lib 라이브러리 및 ..\..\Bin\DevelopEngine\JGDev_Graphics.exp 개체를 생성하고 있습니다.
  JGDev_Graphics.vcxproj -> C:\JG\JGEngine\Bin\DevelopEngine\JGDev_Graphics.dll
