
  CoreSystem.cpp
  FileHelper.cpp
  Json.cpp
  BBox.cpp
  Frustum.cpp
  Math.cpp
  Matrix.cpp
  Plane.cpp
  Quaternion.cpp
  Vector.cpp
  Allocator.cpp
  Memory.cpp
  MemoryPool.cpp
  DateTime.cpp
  DevelopUnit.cpp
  Guid.cpp
  Log.cpp
  Module.cpp
  SequentialIDGenerator.cpp
  Timer.cpp
  코드를 생성하고 있습니다...
  컴파일하고 있습니다...
  Timespan.cpp
  JGObject.cpp
  ObjectGlobalSystem.cpp
  ObjectGlobals.cpp
  JWindow.cpp
  Platform.cpp
  WindowsJWindow.cpp
  Name.cpp
  Path.cpp
  String.cpp
  StringTable.cpp
  Scheduler.cpp
  Task.cpp
  Thread.cpp
  코드를 생성하고 있습니다...
  Core.vcxproj -> C:\JG\JGEngine\Bin\DevelopEngine\Core.lib
  HeaderTool.cpp
  BuildTool.cpp
  Main.cpp
  Asset.cpp
  Main.cpp
  Main.cpp
  AssetDatabase.cpp
  코드를 생성하고 있습니다...
  코드를 생성하고 있습니다...
  AssetModule.cpp
  AssetPath.cpp
  코드를 생성하고 있습니다...
     ..\..\Bin\DevelopEngine\Asset.lib 라이브러리 및 ..\..\Bin\DevelopEngine\Asset.exp 개체를 생성하고 있습니다.
  JGHeaderTool.vcxproj -> C:\JG\JGEngine\Bin\DevelopEngine\JGHeaderTool.exe
  JGLauncher.vcxproj -> C:\JG\JGEngine\Bin\DevelopEngine\JGLauncher.exe
  JGBuildTool.vcxproj -> C:\JG\JGEngine\Bin\DevelopEngine\JGBuildTool.exe
  Asset.vcxproj -> C:\JG\JGEngine\Bin\DevelopEngine\Asset.dll
  Texture.cpp
  ResourceStagingManager.cpp
  DX12FrameBuffer.cpp
  DX12GraphicsCommand.cpp
  DX12Material.cpp
  DX12Texture.cpp
  DirectX12API.cpp
  FBXAssetImporter.cpp
  JGGraphicsAPI.cpp
  Texture.generation.cpp
  코드를 생성하고 있습니다...
     ..\..\Bin\DevelopEngine\Graphics.lib 라이브러리 및 ..\..\Bin\DevelopEngine\Graphics.exp 개체를 생성하고 있습니다.
LINK : warning LNK4098: 'MSVCRT' defaultlib가 다른 라이브러리와 충돌합니다. /NODEFAULTLIB:library를 사용하십시오. [C:\JG\JGEngine\Temp\ProjectFiles\Graphics.vcxproj]
  Graphics.vcxproj -> C:\JG\JGEngine\Bin\DevelopEngine\Graphics.dll
  AI.vcxproj -> C:\JG\JGEngine\Bin\DevelopEngine\AI.dll
  GUI.vcxproj -> C:\JG\JGEngine\Bin\DevelopEngine\GUI.dll
  DevScene.cpp
     ..\..\Bin\DevelopEngine\DevStatistics.lib 라이브러리 및 ..\..\Bin\DevelopEngine\DevStatistics.exp 개체를 생성하고 있습니다.
     ..\..\Bin\DevelopEngine\DevConsole.lib 라이브러리 및 ..\..\Bin\DevelopEngine\DevConsole.exp 개체를 생성하고 있습니다.
     ..\..\Bin\DevelopEngine\GameFrameWorks.lib 라이브러리 및 ..\..\Bin\DevelopEngine\GameFrameWorks.exp 개체를 생성하고 있습니다.
     ..\..\Bin\DevelopEngine\Devkit.lib 라이브러리 및 ..\..\Bin\DevelopEngine\Devkit.exp 개체를 생성하고 있습니다.
  DevStatistics.vcxproj -> C:\JG\JGEngine\Bin\DevelopEngine\DevStatistics.dll
  DevConsole.vcxproj -> C:\JG\JGEngine\Bin\DevelopEngine\DevConsole.dll
  GameFrameWorks.vcxproj -> C:\JG\JGEngine\Bin\DevelopEngine\GameFrameWorks.dll
  PCH.cpp
  PCH.cpp
  Devkit.vcxproj -> C:\JG\JGEngine\Bin\DevelopEngine\Devkit.dll
  JGEditor.cpp
  Main.cpp
  JGEditor.codegen.generate.cpp
  Game.codegen.generate.cpp
     ..\..\Bin\DevelopEngine\JGDev_Graphics.lib 라이브러리 및 ..\..\Bin\DevelopEngine\JGDev_Graphics.exp 개체를 생성하고 있습니다.
  코드를 생성하고 있습니다...
  코드를 생성하고 있습니다...
  JGConsole.vcxproj -> C:\JG\JGEngine\Bin\DevelopEngine\JGConsole.exe
     ..\..\Bin\DevelopEngine\JGEditor.lib 라이브러리 및 ..\..\Bin\DevelopEngine\JGEditor.exp 개체를 생성하고 있습니다.
     ..\..\Bin\DevelopEngine\Game.lib 라이브러리 및 ..\..\Bin\DevelopEngine\Game.exp 개체를 생성하고 있습니다.
  JGDev_Graphics.vcxproj -> C:\JG\JGEngine\Bin\DevelopEngine\JGDev_Graphics.dll
  Game.vcxproj -> C:\JG\JGEngine\Bin\DevelopEngine\Game.dll
  JGEditor.vcxproj -> C:\JG\JGEngine\Bin\DevelopEngine\JGEditor.dll
msbuild exit=0
