msbuild 버전 17.14.40+3e7442088(.NET Framework용)

  CoreSystem.cpp
  FileHelper.cpp
  Json.cpp
  BBox.cpp
  Frustum.cpp
  Math.cpp
  Matrix.cpp
  Plane.cpp
  Quaternion.cpp
  Vector.cpp
  Allocator.cpp
  Memory.cpp
  MemoryPool.cpp
  DateTime.cpp
  DevelopUnit.cpp
  Guid.cpp
  Log.cpp
  Module.cpp
  SequentialIDGenerator.cpp
  Timer.cpp
  코드를 생성하고 있습니다...
  컴파일하고 있습니다...
  Timespan.cpp
  JGObject.cpp
  ObjectGlobalSystem.cpp
  ObjectGlobals.cpp
  JWindow.cpp
  Platform.cpp
  WindowsJWindow.cpp
  Name.cpp
  String.cpp
  StringTable.cpp
  Scheduler.cpp
  Task.cpp
  Thread.cpp
  코드를 생성하고 있습니다...
  Core.vcxproj -> C:\JG\JGEngine\Bin\DevelopEngine\Core.lib
  Main.cpp
  HeaderTool.cpp
  BuildTool.cpp
  Asset.cpp
  Main.cpp
  AssetDatabase.cpp
  Main.cpp
  코드를 생성하고 있습니다...
  코드를 생성하고 있습니다...
  AssetImporter.cpp
  AssetModule.cpp
  AssetPath.cpp
  Asset.codegen.generate.cpp
  Asset.generation.cpp
  AssetImporter.generation.cpp
  코드를 생성하고 있습니다...
  JGLauncher.vcxproj -> C:\JG\JGEngine\Bin\DevelopEngine\JGLauncher.exe
  JGHeaderTool.vcxproj -> C:\JG\JGEngine\Bin\DevelopEngine\JGHeaderTool.exe
  JGBuildTool.vcxproj -> C:\JG\JGEngine\Bin\DevelopEngine\JGBuildTool.exe
     ..\..\Bin\DevelopEngine\Asset.lib 라이브러리 및 ..\..\Bin\DevelopEngine\Asset.exp 개체를 생성하고 있습니다.
  Asset.vcxproj -> C:\JG\JGEngine\Bin\DevelopEngine\Asset.dll
  ShaderLibrary.cpp
  StaticMesh.cpp
  Texture.cpp
  CommandList.cpp
  CommandQueue.cpp
  DX12Shader.cpp
  DescriptionAllocator.cpp
  DirectX12Helper.cpp
  DynamicDescriptionAllocator.cpp
  Fence.cpp
  PipelineState.cpp
  ResourceStagingManager.cpp
  ResourceStateTracker.cpp
  RootSignature.cpp
  UploadAllocator.cpp
  DX12ConstantBuffer.cpp
  DX12FrameBuffer.cpp
  DX12GraphicsCommand.cpp
  DX12IndexBuffer.cpp
  DX12Material.cpp
  코드를 생성하고 있습니다...
  컴파일하고 있습니다...
  DX12StructuredBuffer.cpp
  DX12Texture.cpp
  DX12VertexBuffer.cpp
  DirectX12API.cpp
  FBXAssetImporter.cpp
  JGGraphics.cpp
  JGGraphicsAPI.cpp
  JGGraphicsCommand.cpp
  JGGraphicsHelper.cpp
  Main.cpp
  FBXAssetImporter.generation.cpp
  Graphics.codegen.generate.cpp
  JGGraphicsDefine.generation.cpp
  StaticMesh.generation.cpp
  Texture.generation.cpp
  코드를 생성하고 있습니다...
     ..\..\Bin\DevelopEngine\Graphics.lib 라이브러리 및 ..\..\Bin\DevelopEngine\Graphics.exp 개체를 생성하고 있습니다.
LINK : warning LNK4098: 'MSVCRT' defaultlib가 다른 라이브러리와 충돌합니다. /NODEFAULTLIB:library를 사용하십시오. [C:\JG\JGEngine\Temp\ProjectFiles\Graphics.vcxproj]
  Graphics.vcxproj -> C:\JG\JGEngine\Bin\DevelopEngine\Graphics.dll
  Main.cpp
  DX12GUIBackend.cpp
  AI.codegen.generate.cpp
  GUIBackend.cpp
  코드를 생성하고 있습니다...
  GUIBackends.cpp
  GUI.cpp
  GUIModule.cpp
  imgui.cpp
  imgui_demo.cpp
  imgui_draw.cpp
  imgui_impl_dx12.cpp
  imgui_impl_win32.cpp
  imgui_tables.cpp
  imgui_widgets.cpp
  implot.cpp
  implot_demo.cpp
  implot_items.cpp
  MenuTree.cpp
  Widget.cpp
  WidgetComponent.cpp
  GUI.codegen.generate.cpp
  Widget.generation.cpp
  AI.vcxproj -> C:\JG\JGEngine\Bin\DevelopEngine\AI.dll
  코드를 생성하고 있습니다...
  컴파일하고 있습니다...
  WidgetComponent.generation.cpp
  코드를 생성하고 있습니다...
     ..\..\Bin\DevelopEngine\GUI.lib 라이브러리 및 ..\..\Bin\DevelopEngine\GUI.exp 개체를 생성하고 있습니다.
  GUI.vcxproj -> C:\JG\JGEngine\Bin\DevelopEngine\GUI.dll
  PCH.cpp
  DevConsole.cpp
  DevStatistics.cpp
  DevFeature.cpp
  DevConsoleModule.cpp
  MemoryStatistics.cpp
  DevScene.cpp
C:\JG\JGEngine\Source\Runtime\Devkit\DevScene.cpp(374,22): error C2628: 'std::vector<void *,std::allocator<void *>>' 다음에 'char'이(가) 올 수 없습니다. ';'이 있어야 합니다. [C:\JG\JGEngine\Temp\ProjectFiles\Devkit.vcxproj]
  (소스 파일 '/Source/Runtime/Devkit/DevScene.cpp'을(를) 컴파일하는 중)
  
C:\JG\JGEngine\Source\Runtime\Devkit\DevScene.cpp(374,27): warning C4091: '': 변수를 선언하지 않으면 'std::vector<void *,std::allocator<void *>>' 왼쪽은 무시됩니다. [C:\JG\JGEngine\Temp\ProjectFiles\Devkit.vcxproj]
  (소스 파일 '/Source/Runtime/Devkit/DevScene.cpp'을(를) 컴파일하는 중)
  
C:\JG\JGEngine\Source\Runtime\Devkit\DevScene.cpp(377,9): error C2059: 구문 오류: '.' [C:\JG\JGEngine\Temp\ProjectFiles\Devkit.vcxproj]
  (소스 파일 '/Source/Runtime/Devkit/DevScene.cpp'을(를) 컴파일하는 중)
  
C:\JG\JGEngine\Source\Runtime\Devkit\DevScene.cpp(392,16): error C2143: 구문 오류: ';'이(가) ':' 앞에 없습니다. [C:\JG\JGEngine\Temp\ProjectFiles\Devkit.vcxproj]
  (소스 파일 '/Source/Runtime/Devkit/DevScene.cpp'을(를) 컴파일하는 중)
  
C:\JG\JGEngine\Source\Runtime\Devkit\DevScene.cpp(392,23): error C2059: 구문 오류: ')' [C:\JG\JGEngine\Temp\ProjectFiles\Devkit.vcxproj]
  (소스 파일 '/Source/Runtime/Devkit/DevScene.cpp'을(를) 컴파일하는 중)
  
C:\JG\JGEngine\Source\Runtime\Devkit\DevScene.cpp(393,3): error C2143: 구문 오류: ';'이(가) '{' 앞에 없습니다. [C:\JG\JGEngine\Temp\ProjectFiles\Devkit.vcxproj]
  (소스 파일 '/Source/Runtime/Devkit/DevScene.cpp'을(를) 컴파일하는 중)
  
  DevSettings.cpp
  DevConsole.codegen.generate.cpp
  DevStatistics.codegen.generate.cpp
  DevkitModule.cpp
  DevConsole.generation.cpp
  MemoryStatistics.generation.cpp
  DevFeature.generation.cpp
  코드를 생성하고 있습니다...
  코드를 생성하고 있습니다...
  DevScene.generation.cpp
  DevSettings.generation.cpp
  Devkit.codegen.generate.cpp
  Actor.cpp
  코드를 생성하고 있습니다...
  SimulationActor.cpp
  SimulationControllerActor.cpp
  SimulationCue.cpp
  SimulationDirectorActor.cpp
     ..\..\Bin\DevelopEngine\DevConsole.lib 라이브러리 및 ..\..\Bin\DevelopEngine\DevConsole.exp 개체를 생성하고 있습니다.
     ..\..\Bin\DevelopEngine\DevStatistics.lib 라이브러리 및 ..\..\Bin\DevelopEngine\DevStatistics.exp 개체를 생성하고 있습니다.
  ActorComponent.cpp
  SimulationEntityComponent.cpp
  GameFrameWorksModule.cpp
  Transform.cpp
  World.cpp
  SimulationAgent.cpp
  SimulationBoard.cpp
  SimulationCommand.cpp
  DevConsole.vcxproj -> C:\JG\JGEngine\Bin\DevelopEngine\DevConsole.dll
  SimulationEffectRequest.cpp
  DevStatistics.vcxproj -> C:\JG\JGEngine\Bin\DevelopEngine\DevStatistics.dll
  SimulationEvent.cpp
  SimulationCommandHandler.cpp
  SimulationContext.cpp
  SimulationEffect.cpp
  SimulationEffectQueue.cpp
  SimulationModifier.cpp
  코드를 생성하고 있습니다...
  컴파일하고 있습니다...
  SimulationOrderPolicy.cpp
  SimulationPhaseMachine.cpp
  SimulationRuleEngine.cpp
  SimulationTrigger.cpp
  SimulationTriggerDispatcher.cpp
  SimulationValuePipeline.cpp
  SimulationCommandLog.cpp
  SimulationSerializer.cpp
  SimulationSnapshotStack.cpp
  Simulation.cpp
  SimulationSelfTest.cpp
  SimulationBoardState.cpp
  SimulationChoice.cpp
  SimulationEntityId.cpp
  SimulationEntityRegistry.cpp
  SimulationRandomStream.cpp
  SimulationState.cpp
  SimulationTurnState.cpp
  SimulationZone.cpp
  Actor.generation.cpp
  코드를 생성하고 있습니다...
  컴파일하고 있습니다...
  ActorComponent.generation.cpp
  GameFrameWorks.codegen.generate.cpp
  SimulationActor.generation.cpp
  SimulationCommandHandler.generation.cpp
  SimulationControllerActor.generation.cpp
  SimulationCue.generation.cpp
  SimulationDirectorActor.generation.cpp
  SimulationEffect.generation.cpp
  SimulationEntityComponent.generation.cpp
  SimulationModifier.generation.cpp
  SimulationTrigger.generation.cpp
  코드를 생성하고 있습니다...
     ..\..\Bin\DevelopEngine\GameFrameWorks.lib 라이브러리 및 ..\..\Bin\DevelopEngine\GameFrameWorks.exp 개체를 생성하고 있습니다.
  GameFrameWorks.vcxproj -> C:\JG\JGEngine\Bin\DevelopEngine\GameFrameWorks.dll
  PCH.cpp
  PCH.cpp
  PCH.cpp
  Main.cpp
  JGEditor.cpp
  Main.cpp
  Game.codegen.generate.cpp
  JGEditor.codegen.generate.cpp
  코드를 생성하고 있습니다...
  코드를 생성하고 있습니다...
     ..\..\Bin\DevelopEngine\JGEditor.lib 라이브러리 및 ..\..\Bin\DevelopEngine\JGEditor.exp 개체를 생성하고 있습니다.
  Game.vcxproj -> C:\JG\JGEngine\Bin\DevelopEngine\Game.dll
  JGConsole.vcxproj -> C:\JG\JGEngine\Bin\DevelopEngine\JGConsole.exe
  JGEditor.vcxproj -> C:\JG\JGEngine\Bin\DevelopEngine\JGEditor.dll
