msbuild 버전 17.14.40+3e7442088(.NET Framework용)

  CoreSystem.cpp
  FileHelper.cpp
  Json.cpp
  BBox.cpp
  Frustum.cpp
  Math.cpp
  Matrix.cpp
  Plane.cpp
  Quaternion.cpp
  Vector.cpp
  Allocator.cpp
  Memory.cpp
  MemoryPool.cpp
  DateTime.cpp
  DevelopUnit.cpp
  Guid.cpp
  Log.cpp
  Module.cpp
  SequentialIDGenerator.cpp
  Timer.cpp
  코드를 생성하고 있습니다...
  컴파일하고 있습니다...
  Timespan.cpp
  JGObject.cpp
  ObjectGlobalSystem.cpp
  ObjectGlobals.cpp
  JWindow.cpp
  Platform.cpp
  WindowsJWindow.cpp
  Name.cpp
  String.cpp
  StringTable.cpp
  Scheduler.cpp
  Task.cpp
  Thread.cpp
  코드를 생성하고 있습니다...
  Core.vcxproj -> C:\JG\JGEngine\Bin\DevelopEngine\Core.lib
  Main.cpp
  HeaderTool.cpp
  Asset.cpp
  BuildTool.cpp
  AssetDatabase.cpp
  Main.cpp
  Main.cpp
  AssetImporter.cpp
  코드를 생성하고 있습니다...
  코드를 생성하고 있습니다...
  AssetModule.cpp
  AssetPath.cpp
  Asset.codegen.generate.cpp
  Asset.generation.cpp
  AssetImporter.generation.cpp
  코드를 생성하고 있습니다...
     ..\..\Bin\DevelopEngine\Asset.lib 라이브러리 및 ..\..\Bin\DevelopEngine\Asset.exp 개체를 생성하고 있습니다.
  JGLauncher.vcxproj -> C:\JG\JGEngine\Bin\DevelopEngine\JGLauncher.exe
  JGHeaderTool.vcxproj -> C:\JG\JGEngine\Bin\DevelopEngine\JGHeaderTool.exe
  JGBuildTool.vcxproj -> C:\JG\JGEngine\Bin\DevelopEngine\JGBuildTool.exe
  Asset.vcxproj -> C:\JG\JGEngine\Bin\DevelopEngine\Asset.dll
  Scene.cpp
  SceneRenderer.cpp
  ShaderLibrary.cpp
  StaticMesh.cpp
  Texture.cpp
  CommandList.cpp
  CommandQueue.cpp
  DX12Shader.cpp
  DescriptionAllocator.cpp
  DirectX12Helper.cpp
  DynamicDescriptionAllocator.cpp
  Fence.cpp
  PipelineState.cpp
  ResourceStagingManager.cpp
  ResourceStateTracker.cpp
  RootSignature.cpp
  UploadAllocator.cpp
  DX12ConstantBuffer.cpp
  DX12FrameBuffer.cpp
  DX12GraphicsCommand.cpp
  코드를 생성하고 있습니다...
  컴파일하고 있습니다...
  DX12IndexBuffer.cpp
  DX12Material.cpp
  DX12StructuredBuffer.cpp
  DX12Texture.cpp
  DX12VertexBuffer.cpp
  DirectX12API.cpp
  FBXAssetImporter.cpp
  JGGraphics.cpp
  JGGraphicsAPI.cpp
  JGGraphicsCommand.cpp
  JGGraphicsHelper.cpp
  Main.cpp
  FBXAssetImporter.generation.cpp
  Graphics.codegen.generate.cpp
  JGGraphicsDefine.generation.cpp
  StaticMesh.generation.cpp
  Texture.generation.cpp
  코드를 생성하고 있습니다...
     ..\..\Bin\DevelopEngine\Graphics.lib 라이브러리 및 ..\..\Bin\DevelopEngine\Graphics.exp 개체를 생성하고 있습니다.
LINK : warning LNK4098: 'MSVCRT' defaultlib가 다른 라이브러리와 충돌합니다. /NODEFAULTLIB:library를 사용하십시오. [C:\JG\JGEngine\Temp\ProjectFiles\Graphics.vcxproj]
  Graphics.vcxproj -> C:\JG\JGEngine\Bin\DevelopEngine\Graphics.dll
  Main.cpp
  DX12GUIBackend.cpp
  AI.codegen.generate.cpp
  GUIBackend.cpp
  코드를 생성하고 있습니다...
  GUIBackends.cpp
  GUI.cpp
  GUIModule.cpp
  MenuTree.cpp
  Widget.cpp
  WidgetComponent.cpp
  GUI.codegen.generate.cpp
  Widget.generation.cpp
  WidgetComponent.generation.cpp
  코드를 생성하고 있습니다...
  AI.vcxproj -> C:\JG\JGEngine\Bin\DevelopEngine\AI.dll
     ..\..\Bin\DevelopEngine\GUI.lib 라이브러리 및 ..\..\Bin\DevelopEngine\GUI.exp 개체를 생성하고 있습니다.
  GUI.vcxproj -> C:\JG\JGEngine\Bin\DevelopEngine\GUI.dll
  DevFeature.cpp
  DevStatistics.cpp
  Actor.cpp
  DevConsole.cpp
  DevScene.cpp
  MemoryStatistics.cpp
  GameEntryActor.cpp
  DevConsoleModule.cpp
  DevStatistics.codegen.generate.cpp
  DevSettings.cpp
  GameMasterActor.cpp
  DevConsole.codegen.generate.cpp
  MemoryStatistics.generation.cpp
  DevkitModule.cpp
  DevConsole.generation.cpp
  GameplayControllerActor.cpp
  코드를 생성하고 있습니다...
  DevFeature.generation.cpp
  코드를 생성하고 있습니다...
  GameplayCue.cpp
  DevScene.generation.cpp
  GameplayEntityActor.cpp
  DevSettings.generation.cpp
  ActorComponent.cpp
  Devkit.codegen.generate.cpp
  GameplayEntityComponent.cpp
  코드를 생성하고 있습니다...
  GameFrameWorksModule.cpp
  GameInstance.cpp
  Transform.cpp
  World.cpp
  WorldSelfTest.cpp
  GameplayAgent.cpp
  GameplayBoard.cpp
     ..\..\Bin\DevelopEngine\DevStatistics.lib 라이브러리 및 ..\..\Bin\DevelopEngine\DevStatistics.exp 개체를 생성하고 있습니다.
     ..\..\Bin\DevelopEngine\DevConsole.lib 라이브러리 및 ..\..\Bin\DevelopEngine\DevConsole.exp 개체를 생성하고 있습니다.
  GameMaster.cpp
  GameMasterSelfTest.cpp
  GameplayCommand.cpp
  GameplayEffectRequest.cpp
  GameplayEvent.cpp
     ..\..\Bin\DevelopEngine\Devkit.lib 라이브러리 및 ..\..\Bin\DevelopEngine\Devkit.exp 개체를 생성하고 있습니다.
  코드를 생성하고 있습니다...
  컴파일하고 있습니다...
  GameplayCommandHandler.cpp
  GameplayContext.cpp
  GameplayEffect.cpp
  GameplayEffectQueue.cpp
  GameplayModifier.cpp
  GameplayOrderPolicy.cpp
  GameplayPhaseMachine.cpp
  GameplayRuleEngine.cpp
  DevStatistics.vcxproj -> C:\JG\JGEngine\Bin\DevelopEngine\DevStatistics.dll
  DevConsole.vcxproj -> C:\JG\JGEngine\Bin\DevelopEngine\DevConsole.dll
  GameplayTrigger.cpp
  GameplayTriggerDispatcher.cpp
  GameplayValuePipeline.cpp
  GameplayCommandLog.cpp
  GameplaySerializer.cpp
  GameplaySnapshotStack.cpp
  Devkit.vcxproj -> C:\JG\JGEngine\Bin\DevelopEngine\Devkit.dll
  GameplayBoardState.cpp
  GameplayChoice.cpp
  GameplayEntityId.cpp
  GameplayEntityRegistry.cpp
  GameplayRandomStream.cpp
  GameplayState.cpp
  코드를 생성하고 있습니다...
  JGDevGraphicsTest.cpp
  컴파일하고 있습니다...
  GameplayTurnState.cpp
  JGDev_Graphics.cpp
  GameplayZone.cpp
  JGDev_Graphics.codegen.generate.cpp
  Actor.generation.cpp
  코드를 생성하고 있습니다...
  ActorComponent.generation.cpp
  GameEntryActor.generation.cpp
  GameFrameWorks.codegen.generate.cpp
  GameInstance.generation.cpp
  GameMasterActor.generation.cpp
  GameplayCommandHandler.generation.cpp
  GameplayControllerActor.generation.cpp
  GameplayCue.generation.cpp
  GameplayEffect.generation.cpp
  GameplayEntityActor.generation.cpp
  GameplayEntityComponent.generation.cpp
  GameplayModifier.generation.cpp
  GameplayTrigger.generation.cpp
     ..\..\Bin\DevelopEngine\JGDev_Graphics.lib 라이브러리 및 ..\..\Bin\DevelopEngine\JGDev_Graphics.exp 개체를 생성하고 있습니다.
  코드를 생성하고 있습니다...
  JGDev_Graphics.vcxproj -> C:\JG\JGEngine\Bin\DevelopEngine\JGDev_Graphics.dll
     ..\..\Bin\DevelopEngine\GameFrameWorks.lib 라이브러리 및 ..\..\Bin\DevelopEngine\GameFrameWorks.exp 개체를 생성하고 있습니다.
  GameFrameWorks.vcxproj -> C:\JG\JGEngine\Bin\DevelopEngine\GameFrameWorks.dll
  Main.cpp
  Main.cpp
  JGEditor.cpp
  Game.codegen.generate.cpp
  JGEditor.codegen.generate.cpp
  코드를 생성하고 있습니다...
  코드를 생성하고 있습니다...
     ..\..\Bin\DevelopEngine\JGEditor.lib 라이브러리 및 ..\..\Bin\DevelopEngine\JGEditor.exp 개체를 생성하고 있습니다.
  Game.vcxproj -> C:\JG\JGEngine\Bin\DevelopEngine\Game.dll
  JGConsole.vcxproj -> C:\JG\JGEngine\Bin\DevelopEngine\JGConsole.exe
  JGEditor.vcxproj -> C:\JG\JGEngine\Bin\DevelopEngine\JGEditor.dll
